<?xml version="1.0" encoding="ISO-8859-1" ?>
<link_info>
   <banner>TMS320C2000 Linker PC v20.2.4.LTS</banner>
   <copyright>Copyright (c) 1996-2018 Texas Instruments Incorporated</copyright>
   <link_time>0x61851e47</link_time>
   <link_errors>0x0</link_errors>
   <output_file>Test.out</output_file>
   <entry_point>
      <name>code_start</name>
      <address>0x80000</address>
   </entry_point>
   <input_file_list>
      <input_file id="fl-4">
         <path>.\</path>
         <kind>object</kind>
         <file>main.obj</file>
         <name>main.obj</name>
      </input_file>
      <input_file id="fl-5">
         <path>.\C_lib\</path>
         <kind>object</kind>
         <file>adc.obj</file>
         <name>adc.obj</name>
      </input_file>
      <input_file id="fl-6">
         <path>.\C_lib\</path>
         <kind>object</kind>
         <file>asysctl.obj</file>
         <name>asysctl.obj</name>
      </input_file>
      <input_file id="fl-7">
         <path>.\C_lib\</path>
         <kind>object</kind>
         <file>can.obj</file>
         <name>can.obj</name>
      </input_file>
      <input_file id="fl-8">
         <path>.\C_lib\</path>
         <kind>object</kind>
         <file>cla.obj</file>
         <name>cla.obj</name>
      </input_file>
      <input_file id="fl-9">
         <path>.\C_lib\</path>
         <kind>object</kind>
         <file>clapromcrc.obj</file>
         <name>clapromcrc.obj</name>
      </input_file>
      <input_file id="fl-a">
         <path>.\C_lib\</path>
         <kind>object</kind>
         <file>clb.obj</file>
         <name>clb.obj</name>
      </input_file>
      <input_file id="fl-b">
         <path>.\C_lib\</path>
         <kind>object</kind>
         <file>cmpss.obj</file>
         <name>cmpss.obj</name>
      </input_file>
      <input_file id="fl-c">
         <path>.\C_lib\</path>
         <kind>object</kind>
         <file>cputimer.obj</file>
         <name>cputimer.obj</name>
      </input_file>
      <input_file id="fl-d">
         <path>.\C_lib\</path>
         <kind>object</kind>
         <file>dac.obj</file>
         <name>dac.obj</name>
      </input_file>
      <input_file id="fl-e">
         <path>.\C_lib\</path>
         <kind>object</kind>
         <file>dcc.obj</file>
         <name>dcc.obj</name>
      </input_file>
      <input_file id="fl-f">
         <path>.\C_lib\</path>
         <kind>object</kind>
         <file>dcsm.obj</file>
         <name>dcsm.obj</name>
      </input_file>
      <input_file id="fl-10">
         <path>.\C_lib\</path>
         <kind>object</kind>
         <file>dma.obj</file>
         <name>dma.obj</name>
      </input_file>
      <input_file id="fl-11">
         <path>.\C_lib\</path>
         <kind>object</kind>
         <file>ecap.obj</file>
         <name>ecap.obj</name>
      </input_file>
      <input_file id="fl-12">
         <path>.\C_lib\</path>
         <kind>object</kind>
         <file>epwm.obj</file>
         <name>epwm.obj</name>
      </input_file>
      <input_file id="fl-13">
         <path>.\C_lib\</path>
         <kind>object</kind>
         <file>eqep.obj</file>
         <name>eqep.obj</name>
      </input_file>
      <input_file id="fl-14">
         <path>.\C_lib\</path>
         <kind>object</kind>
         <file>flash.obj</file>
         <name>flash.obj</name>
      </input_file>
      <input_file id="fl-15">
         <path>.\C_lib\</path>
         <kind>object</kind>
         <file>fsi.obj</file>
         <name>fsi.obj</name>
      </input_file>
      <input_file id="fl-16">
         <path>.\C_lib\</path>
         <kind>object</kind>
         <file>gpio.obj</file>
         <name>gpio.obj</name>
      </input_file>
      <input_file id="fl-17">
         <path>.\C_lib\</path>
         <kind>object</kind>
         <file>hrcap.obj</file>
         <name>hrcap.obj</name>
      </input_file>
      <input_file id="fl-18">
         <path>.\C_lib\</path>
         <kind>object</kind>
         <file>hrpwm.obj</file>
         <name>hrpwm.obj</name>
      </input_file>
      <input_file id="fl-19">
         <path>.\C_lib\</path>
         <kind>object</kind>
         <file>i2c.obj</file>
         <name>i2c.obj</name>
      </input_file>
      <input_file id="fl-1a">
         <path>.\C_lib\</path>
         <kind>object</kind>
         <file>interrupt.obj</file>
         <name>interrupt.obj</name>
      </input_file>
      <input_file id="fl-1b">
         <path>.\C_lib\</path>
         <kind>object</kind>
         <file>lin.obj</file>
         <name>lin.obj</name>
      </input_file>
      <input_file id="fl-1c">
         <path>.\C_lib\</path>
         <kind>object</kind>
         <file>memcfg.obj</file>
         <name>memcfg.obj</name>
      </input_file>
      <input_file id="fl-1d">
         <path>.\C_lib\</path>
         <kind>object</kind>
         <file>pga.obj</file>
         <name>pga.obj</name>
      </input_file>
      <input_file id="fl-1e">
         <path>.\C_lib\</path>
         <kind>object</kind>
         <file>pmbus.obj</file>
         <name>pmbus.obj</name>
      </input_file>
      <input_file id="fl-1f">
         <path>.\C_lib\</path>
         <kind>object</kind>
         <file>sci.obj</file>
         <name>sci.obj</name>
      </input_file>
      <input_file id="fl-20">
         <path>.\C_lib\</path>
         <kind>object</kind>
         <file>sdfm.obj</file>
         <name>sdfm.obj</name>
      </input_file>
      <input_file id="fl-21">
         <path>.\C_lib\</path>
         <kind>object</kind>
         <file>spi.obj</file>
         <name>spi.obj</name>
      </input_file>
      <input_file id="fl-22">
         <path>.\C_lib\</path>
         <kind>object</kind>
         <file>sysctl.obj</file>
         <name>sysctl.obj</name>
      </input_file>
      <input_file id="fl-23">
         <path>.\C_lib\</path>
         <kind>object</kind>
         <file>version.obj</file>
         <name>version.obj</name>
      </input_file>
      <input_file id="fl-24">
         <path>.\C_lib\</path>
         <kind>object</kind>
         <file>xbar.obj</file>
         <name>xbar.obj</name>
      </input_file>
      <input_file id="fl-25">
         <path>.\HARDWARE\</path>
         <kind>object</kind>
         <file>ADC1.obj</file>
         <name>ADC1.obj</name>
      </input_file>
      <input_file id="fl-26">
         <path>.\HARDWARE\</path>
         <kind>object</kind>
         <file>Bluetooth.obj</file>
         <name>Bluetooth.obj</name>
      </input_file>
      <input_file id="fl-27">
         <path>.\HARDWARE\</path>
         <kind>object</kind>
         <file>FFT2.obj</file>
         <name>FFT2.obj</name>
      </input_file>
      <input_file id="fl-28">
         <path>.\HARDWARE\</path>
         <kind>object</kind>
         <file>MpuDisplay.obj</file>
         <name>MpuDisplay.obj</name>
      </input_file>
      <input_file id="fl-29">
         <path>.\HARDWARE\</path>
         <kind>object</kind>
         <file>Timer.obj</file>
         <name>Timer.obj</name>
      </input_file>
      <input_file id="fl-2a">
         <path>.\HARDWARE\</path>
         <kind>object</kind>
         <file>fft.obj</file>
         <name>fft.obj</name>
      </input_file>
      <input_file id="fl-2b">
         <path>.\HARDWARE\</path>
         <kind>object</kind>
         <file>mpuiic.obj</file>
         <name>mpuiic.obj</name>
      </input_file>
      <input_file id="fl-2c">
         <path>.\HARDWARE\</path>
         <kind>object</kind>
         <file>oled.obj</file>
         <name>oled.obj</name>
      </input_file>
      <input_file id="fl-2d">
         <path>.\HARDWARE\</path>
         <kind>object</kind>
         <file>pid.obj</file>
         <name>pid.obj</name>
      </input_file>
      <input_file id="fl-2e">
         <path>.\source\</path>
         <kind>object</kind>
         <file>device.obj</file>
         <name>device.obj</name>
      </input_file>
      <input_file id="fl-2f">
         <path>.\source\</path>
         <kind>object</kind>
         <file>f28004x_adc.obj</file>
         <name>f28004x_adc.obj</name>
      </input_file>
      <input_file id="fl-30">
         <path>.\source\</path>
         <kind>object</kind>
         <file>f28004x_codestartbranch.obj</file>
         <name>f28004x_codestartbranch.obj</name>
      </input_file>
      <input_file id="fl-31">
         <path>.\source\</path>
         <kind>object</kind>
         <file>f28004x_cputimers.obj</file>
         <name>f28004x_cputimers.obj</name>
      </input_file>
      <input_file id="fl-32">
         <path>.\source\</path>
         <kind>object</kind>
         <file>f28004x_dcsm_z1otp.obj</file>
         <name>f28004x_dcsm_z1otp.obj</name>
      </input_file>
      <input_file id="fl-33">
         <path>.\source\</path>
         <kind>object</kind>
         <file>f28004x_dcsm_z2otp.obj</file>
         <name>f28004x_dcsm_z2otp.obj</name>
      </input_file>
      <input_file id="fl-34">
         <path>.\source\</path>
         <kind>object</kind>
         <file>f28004x_defaultisr.obj</file>
         <name>f28004x_defaultisr.obj</name>
      </input_file>
      <input_file id="fl-35">
         <path>.\source\</path>
         <kind>object</kind>
         <file>f28004x_dma.obj</file>
         <name>f28004x_dma.obj</name>
      </input_file>
      <input_file id="fl-36">
         <path>.\source\</path>
         <kind>object</kind>
         <file>f28004x_globalvariabledefs.obj</file>
         <name>f28004x_globalvariabledefs.obj</name>
      </input_file>
      <input_file id="fl-37">
         <path>.\source\</path>
         <kind>object</kind>
         <file>f28004x_gpio.obj</file>
         <name>f28004x_gpio.obj</name>
      </input_file>
      <input_file id="fl-38">
         <path>.\source\</path>
         <kind>object</kind>
         <file>f28004x_piectrl.obj</file>
         <name>f28004x_piectrl.obj</name>
      </input_file>
      <input_file id="fl-39">
         <path>.\source\</path>
         <kind>object</kind>
         <file>f28004x_pievect.obj</file>
         <name>f28004x_pievect.obj</name>
      </input_file>
      <input_file id="fl-3a">
         <path>.\source\</path>
         <kind>object</kind>
         <file>f28004x_spi.obj</file>
         <name>f28004x_spi.obj</name>
      </input_file>
      <input_file id="fl-3b">
         <path>.\source\</path>
         <kind>object</kind>
         <file>f28004x_sysctrl.obj</file>
         <name>f28004x_sysctrl.obj</name>
      </input_file>
      <input_file id="fl-3c">
         <path>.\source\</path>
         <kind>object</kind>
         <file>f28004x_usdelay.obj</file>
         <name>f28004x_usdelay.obj</name>
      </input_file>
      <input_file id="fl-4a">
         <path>D:\work\TI\workspace_v10\Test\</path>
         <kind>archive</kind>
         <file>rts2800_fpu32_eabi.lib</file>
         <name>copy_zero_init.c.obj</name>
      </input_file>
      <input_file id="fl-4c">
         <kind>object</kind>
         <file>&lt;internal&gt;</file>
         <name>&lt;internal&gt;</name>
      </input_file>
      <input_file id="fl-4d">
         <path>D:\work\TI\workspace_v10\Test\</path>
         <kind>archive</kind>
         <file>rts2800_fpu32_eabi.lib</file>
         <name>copy_decompress_none.c.obj</name>
      </input_file>
      <input_file id="fl-4e">
         <path>D:\work\TI\workspace_v10\Test\</path>
         <kind>archive</kind>
         <file>rts2800_fpu32_eabi.lib</file>
         <name>copy_decompress_lzss.c.obj</name>
      </input_file>
      <input_file id="fl-4f">
         <path>D:\work\TI\workspace_v10\Test\</path>
         <kind>archive</kind>
         <file>rts2800_fpu32_eabi.lib</file>
         <name>memset.c.obj</name>
      </input_file>
      <input_file id="fl-50">
         <path>D:\work\TI\workspace_v10\Test\</path>
         <kind>archive</kind>
         <file>rts2800_fpu32_eabi.lib</file>
         <name>memcpy.c.obj</name>
      </input_file>
      <input_file id="fl-51">
         <path>D:\work\TI\workspace_v10\Test\</path>
         <kind>archive</kind>
         <file>rts2800_fpu32_eabi.lib</file>
         <name>e_atan2.c.obj</name>
      </input_file>
      <input_file id="fl-52">
         <path>D:\work\TI\workspace_v10\Test\</path>
         <kind>archive</kind>
         <file>rts2800_fpu32_eabi.lib</file>
         <name>e_pow.c.obj</name>
      </input_file>
      <input_file id="fl-53">
         <path>D:\work\TI\workspace_v10\Test\</path>
         <kind>archive</kind>
         <file>rts2800_fpu32_eabi.lib</file>
         <name>e_sqrt.c.obj</name>
      </input_file>
      <input_file id="fl-54">
         <path>D:\work\TI\workspace_v10\Test\</path>
         <kind>archive</kind>
         <file>rts2800_fpu32_eabi.lib</file>
         <name>s_atan.c.obj</name>
      </input_file>
      <input_file id="fl-55">
         <path>D:\work\TI\workspace_v10\Test\</path>
         <kind>archive</kind>
         <file>rts2800_fpu32_eabi.lib</file>
         <name>s_cos.c.obj</name>
      </input_file>
      <input_file id="fl-56">
         <path>D:\work\TI\workspace_v10\Test\</path>
         <kind>archive</kind>
         <file>rts2800_fpu32_eabi.lib</file>
         <name>s_scalbn.c.obj</name>
      </input_file>
      <input_file id="fl-57">
         <path>D:\work\TI\workspace_v10\Test\</path>
         <kind>archive</kind>
         <file>rts2800_fpu32_eabi.lib</file>
         <name>s_sin.c.obj</name>
      </input_file>
      <input_file id="fl-58">
         <path>D:\work\TI\workspace_v10\Test\</path>
         <kind>archive</kind>
         <file>rts2800_fpu32_eabi.lib</file>
         <name>boot28.asm.obj</name>
      </input_file>
      <input_file id="fl-59">
         <path>D:\work\TI\workspace_v10\Test\</path>
         <kind>archive</kind>
         <file>rts2800_fpu32_eabi.lib</file>
         <name>fd_add28.asm.obj</name>
      </input_file>
      <input_file id="fl-5a">
         <path>D:\work\TI\workspace_v10\Test\</path>
         <kind>archive</kind>
         <file>rts2800_fpu32_eabi.lib</file>
         <name>fd_cmp28.asm.obj</name>
      </input_file>
      <input_file id="fl-5b">
         <path>D:\work\TI\workspace_v10\Test\</path>
         <kind>archive</kind>
         <file>rts2800_fpu32_eabi.lib</file>
         <name>fd_mpy28.asm.obj</name>
      </input_file>
      <input_file id="fl-5c">
         <path>D:\work\TI\workspace_v10\Test\</path>
         <kind>archive</kind>
         <file>rts2800_fpu32_eabi.lib</file>
         <name>fd_neg28.asm.obj</name>
      </input_file>
      <input_file id="fl-5d">
         <path>D:\work\TI\workspace_v10\Test\</path>
         <kind>archive</kind>
         <file>rts2800_fpu32_eabi.lib</file>
         <name>fd_sub28.asm.obj</name>
      </input_file>
      <input_file id="fl-5e">
         <path>D:\work\TI\workspace_v10\Test\</path>
         <kind>archive</kind>
         <file>rts2800_fpu32_eabi.lib</file>
         <name>fd_toi28.asm.obj</name>
      </input_file>
      <input_file id="fl-5f">
         <path>D:\work\TI\workspace_v10\Test\</path>
         <kind>archive</kind>
         <file>rts2800_fpu32_eabi.lib</file>
         <name>fd_tol28.asm.obj</name>
      </input_file>
      <input_file id="fl-60">
         <path>D:\work\TI\workspace_v10\Test\</path>
         <kind>archive</kind>
         <file>rts2800_fpu32_eabi.lib</file>
         <name>fd_toul28.asm.obj</name>
      </input_file>
      <input_file id="fl-61">
         <path>D:\work\TI\workspace_v10\Test\</path>
         <kind>archive</kind>
         <file>rts2800_fpu32_eabi.lib</file>
         <name>ll_aox28.asm.obj</name>
      </input_file>
      <input_file id="fl-62">
         <path>D:\work\TI\workspace_v10\Test\</path>
         <kind>archive</kind>
         <file>rts2800_fpu32_eabi.lib</file>
         <name>ll_cmp28.asm.obj</name>
      </input_file>
      <input_file id="fl-63">
         <path>D:\work\TI\workspace_v10\Test\</path>
         <kind>archive</kind>
         <file>rts2800_fpu32_eabi.lib</file>
         <name>i_tofd28.asm.obj</name>
      </input_file>
      <input_file id="fl-64">
         <path>D:\work\TI\workspace_v10\Test\</path>
         <kind>archive</kind>
         <file>rts2800_fpu32_eabi.lib</file>
         <name>i_div28.asm.obj</name>
      </input_file>
      <input_file id="fl-65">
         <path>D:\work\TI\workspace_v10\Test\</path>
         <kind>archive</kind>
         <file>rts2800_fpu32_eabi.lib</file>
         <name>u_div28.asm.obj</name>
      </input_file>
      <input_file id="fl-66">
         <path>D:\work\TI\workspace_v10\Test\</path>
         <kind>archive</kind>
         <file>rts2800_fpu32_eabi.lib</file>
         <name>l_tofd28.asm.obj</name>
      </input_file>
      <input_file id="fl-67">
         <path>D:\work\TI\workspace_v10\Test\</path>
         <kind>archive</kind>
         <file>rts2800_fpu32_eabi.lib</file>
         <name>fs_tofdfpu32.asm.obj</name>
      </input_file>
      <input_file id="fl-68">
         <path>D:\work\TI\workspace_v10\Test\</path>
         <kind>archive</kind>
         <file>rts2800_fpu32_eabi.lib</file>
         <name>fd_tofsfpu32.asm.obj</name>
      </input_file>
      <input_file id="fl-69">
         <path>D:\work\TI\workspace_v10\Test\</path>
         <kind>archive</kind>
         <file>rts2800_fpu32_eabi.lib</file>
         <name>fd_div28.asm.obj</name>
      </input_file>
      <input_file id="fl-6a">
         <path>D:\work\TI\workspace_v10\Test\</path>
         <kind>archive</kind>
         <file>rts2800_fpu32_eabi.lib</file>
         <name>pre_init.c.obj</name>
      </input_file>
      <input_file id="fl-6b">
         <path>D:\work\TI\workspace_v10\Test\</path>
         <kind>archive</kind>
         <file>rts2800_fpu32_eabi.lib</file>
         <name>autoinit.c.obj</name>
      </input_file>
      <input_file id="fl-6c">
         <path>D:\work\TI\workspace_v10\Test\</path>
         <kind>archive</kind>
         <file>rts2800_fpu32_eabi.lib</file>
         <name>e_rem_pio2.c.obj</name>
      </input_file>
      <input_file id="fl-6d">
         <path>D:\work\TI\workspace_v10\Test\</path>
         <kind>archive</kind>
         <file>rts2800_fpu32_eabi.lib</file>
         <name>k_rem_pio2.c.obj</name>
      </input_file>
      <input_file id="fl-6e">
         <path>D:\work\TI\workspace_v10\Test\</path>
         <kind>archive</kind>
         <file>rts2800_fpu32_eabi.lib</file>
         <name>exit.c.obj</name>
      </input_file>
      <input_file id="fl-6f">
         <path>D:\work\TI\workspace_v10\Test\</path>
         <kind>archive</kind>
         <file>rts2800_fpu32_eabi.lib</file>
         <name>_lock.c.obj</name>
      </input_file>
      <input_file id="fl-70">
         <path>D:\work\TI\workspace_v10\Test\</path>
         <kind>archive</kind>
         <file>rts2800_fpu32_eabi.lib</file>
         <name>args_main.c.obj</name>
      </input_file>
      <input_file id="fl-71">
         <path>D:\work\TI\workspace_v10\Test\</path>
         <kind>archive</kind>
         <file>rts2800_fpu32_eabi.lib</file>
         <name>errno.c.obj</name>
      </input_file>
      <input_file id="fl-72">
         <path>D:\work\TI\workspace_v10\Test\</path>
         <kind>archive</kind>
         <file>rts2800_fpu32_eabi.lib</file>
         <name>s_copysign.c.obj</name>
      </input_file>
      <input_file id="fl-73">
         <path>D:\work\TI\workspace_v10\Test\</path>
         <kind>archive</kind>
         <file>rts2800_fpu32_eabi.lib</file>
         <name>k_cos.c.obj</name>
      </input_file>
      <input_file id="fl-74">
         <path>D:\work\TI\workspace_v10\Test\</path>
         <kind>archive</kind>
         <file>rts2800_fpu32_eabi.lib</file>
         <name>k_sin.c.obj</name>
      </input_file>
      <input_file id="fl-75">
         <path>D:\work\TI\workspace_v10\Test\</path>
         <kind>archive</kind>
         <file>rts2800_fpu32_eabi.lib</file>
         <name>s_floor.c.obj</name>
      </input_file>
      <input_file id="fl-76">
         <path>D:\work\TI\workspace_v10\Test\</path>
         <kind>archive</kind>
         <file>rts2800_fpu32_eabi.lib</file>
         <name>cpy_tbl.c.obj</name>
      </input_file>
      <input_file id="fl-77">
         <path>D:\work\TI\workspace_v10\Test\</path>
         <kind>archive</kind>
         <file>rts2800_fpu32_eabi.lib</file>
         <name>startup.c.obj</name>
      </input_file>
   </input_file_list>
   <object_component_list>
      <object_component id="oc-9a">
         <name>codestart</name>
         <load_address>0x80000</load_address>
         <run_address>0x80000</run_address>
         <size>0x2</size>
         <input_file_ref idref="fl-30"/>
      </object_component>
      <object_component id="oc-211">
         <name>.text</name>
         <load_address>0x82000</load_address>
         <run_address>0x82000</run_address>
         <size>0x9c7</size>
         <input_file_ref idref="fl-52"/>
      </object_component>
      <object_component id="oc-cd">
         <name>.text:retain</name>
         <load_address>0x829c7</load_address>
         <run_address>0x829c7</run_address>
         <size>0x4b3</size>
         <input_file_ref idref="fl-34"/>
      </object_component>
      <object_component id="oc-149">
         <name>.text</name>
         <load_address>0x82e7a</load_address>
         <run_address>0x82e7a</run_address>
         <size>0x184</size>
         <input_file_ref idref="fl-2e"/>
      </object_component>
      <object_component id="oc-1d4">
         <name>.text</name>
         <load_address>0x82ffe</load_address>
         <run_address>0x82ffe</run_address>
         <size>0x2</size>
         <input_file_ref idref="fl-6a"/>
      </object_component>
      <object_component id="oc-345">
         <name>.text</name>
         <load_address>0x83000</load_address>
         <run_address>0x83000</run_address>
         <size>0x663</size>
         <input_file_ref idref="fl-6d"/>
      </object_component>
      <object_component id="oc-2b6">
         <name>.text</name>
         <load_address>0x83663</load_address>
         <run_address>0x83663</run_address>
         <size>0x430</size>
         <input_file_ref idref="fl-6c"/>
      </object_component>
      <object_component id="oc-1ee">
         <name>.text</name>
         <load_address>0x83a93</load_address>
         <run_address>0x83a93</run_address>
         <size>0x394</size>
         <input_file_ref idref="fl-22"/>
      </object_component>
      <object_component id="oc-10a">
         <name>.text</name>
         <load_address>0x83e27</load_address>
         <run_address>0x83e27</run_address>
         <size>0x187</size>
         <input_file_ref idref="fl-1a"/>
      </object_component>
      <object_component id="oc-a5">
         <name>.text:retain</name>
         <load_address>0x83fae</load_address>
         <run_address>0x83fae</run_address>
         <size>0x4f</size>
         <input_file_ref idref="fl-4"/>
      </object_component>
      <object_component id="oc-30c">
         <name>.text</name>
         <load_address>0x83ffd</load_address>
         <run_address>0x83ffd</run_address>
         <size>0x1</size>
         <input_file_ref idref="fl-77"/>
      </object_component>
      <object_component id="oc-f3">
         <name>.text</name>
         <load_address>0x86000</load_address>
         <run_address>0x86000</run_address>
         <size>0x386</size>
         <input_file_ref idref="fl-4"/>
      </object_component>
      <object_component id="oc-153">
         <name>.text</name>
         <load_address>0x86386</load_address>
         <run_address>0x86386</run_address>
         <size>0x324</size>
         <input_file_ref idref="fl-2a"/>
      </object_component>
      <object_component id="oc-118">
         <name>.text</name>
         <load_address>0x866aa</load_address>
         <run_address>0x866aa</run_address>
         <size>0x309</size>
         <input_file_ref idref="fl-2c"/>
      </object_component>
      <object_component id="oc-225">
         <name>.text</name>
         <load_address>0x869b3</load_address>
         <run_address>0x869b3</run_address>
         <size>0x27d</size>
         <input_file_ref idref="fl-54"/>
      </object_component>
      <object_component id="oc-124">
         <name>.text</name>
         <load_address>0x86c30</load_address>
         <run_address>0x86c30</run_address>
         <size>0x1f0</size>
         <input_file_ref idref="fl-1f"/>
      </object_component>
      <object_component id="oc-16a">
         <name>.text</name>
         <load_address>0x86e20</load_address>
         <run_address>0x86e20</run_address>
         <size>0x177</size>
         <input_file_ref idref="fl-51"/>
      </object_component>
      <object_component id="oc-b1">
         <name>.text:retain</name>
         <load_address>0x86f97</load_address>
         <run_address>0x86f97</run_address>
         <size>0x45</size>
         <input_file_ref idref="fl-26"/>
      </object_component>
      <object_component id="oc-206">
         <name>.text</name>
         <load_address>0x86fdc</load_address>
         <run_address>0x86fdc</run_address>
         <size>0x23</size>
         <input_file_ref idref="fl-68"/>
      </object_component>
      <object_component id="oc-11e">
         <name>.text</name>
         <load_address>0x87000</load_address>
         <run_address>0x87000</run_address>
         <size>0x1eb</size>
         <input_file_ref idref="fl-16"/>
      </object_component>
      <object_component id="oc-2bc">
         <name>.text</name>
         <load_address>0x871eb</load_address>
         <run_address>0x871eb</run_address>
         <size>0x124</size>
         <input_file_ref idref="fl-74"/>
      </object_component>
      <object_component id="oc-2b0">
         <name>.text</name>
         <load_address>0x8730f</load_address>
         <run_address>0x8730f</run_address>
         <size>0x10b</size>
         <input_file_ref idref="fl-73"/>
      </object_component>
      <object_component id="oc-39d">
         <name>.text</name>
         <load_address>0x8741a</load_address>
         <run_address>0x8741a</run_address>
         <size>0xe9</size>
         <input_file_ref idref="fl-75"/>
      </object_component>
      <object_component id="oc-b2">
         <name>.text</name>
         <load_address>0x87503</load_address>
         <run_address>0x87503</run_address>
         <size>0xe3</size>
         <input_file_ref idref="fl-26"/>
      </object_component>
      <object_component id="oc-170">
         <name>.text</name>
         <load_address>0x875e6</load_address>
         <run_address>0x875e6</run_address>
         <size>0xde</size>
         <input_file_ref idref="fl-53"/>
      </object_component>
      <object_component id="oc-200">
         <name>.text</name>
         <load_address>0x876c4</load_address>
         <run_address>0x876c4</run_address>
         <size>0xce</size>
         <input_file_ref idref="fl-55"/>
      </object_component>
      <object_component id="oc-20b">
         <name>.text</name>
         <load_address>0x87792</load_address>
         <run_address>0x87792</run_address>
         <size>0xcb</size>
         <input_file_ref idref="fl-57"/>
      </object_component>
      <object_component id="oc-2de">
         <name>.text</name>
         <load_address>0x8785d</load_address>
         <run_address>0x8785d</run_address>
         <size>0xae</size>
         <input_file_ref idref="fl-56"/>
      </object_component>
      <object_component id="oc-220">
         <name>.text</name>
         <load_address>0x8790b</load_address>
         <run_address>0x8790b</run_address>
         <size>0x9c</size>
         <input_file_ref idref="fl-59"/>
      </object_component>
      <object_component id="oc-159">
         <name>.text</name>
         <load_address>0x879a7</load_address>
         <run_address>0x879a7</run_address>
         <size>0x8d</size>
         <input_file_ref idref="fl-5"/>
      </object_component>
      <object_component id="oc-17b">
         <name>.text</name>
         <load_address>0x87a34</load_address>
         <run_address>0x87a34</run_address>
         <size>0x8b</size>
         <input_file_ref idref="fl-69"/>
      </object_component>
      <object_component id="oc-181">
         <name>.text</name>
         <load_address>0x87abf</load_address>
         <run_address>0x87abf</run_address>
         <size>0x83</size>
         <input_file_ref idref="fl-5b"/>
      </object_component>
      <object_component id="oc-104">
         <name>.text</name>
         <load_address>0x87b42</load_address>
         <run_address>0x87b42</run_address>
         <size>0x7b</size>
         <input_file_ref idref="fl-31"/>
      </object_component>
      <object_component id="oc-8d">
         <name>.text:decompress:lzss</name>
         <load_address>0x87bbd</load_address>
         <run_address>0x87bbd</run_address>
         <size>0x31</size>
         <input_file_ref idref="fl-4e"/>
      </object_component>
      <object_component id="oc-26e">
         <name>.text:__TI_auto_init_nobinit_nopinit</name>
         <load_address>0x87bee</load_address>
         <run_address>0x87bee</run_address>
         <size>0x2b</size>
         <input_file_ref idref="fl-6b"/>
      </object_component>
      <object_component id="oc-23b">
         <name>.text</name>
         <load_address>0x87c19</load_address>
         <run_address>0x87c19</run_address>
         <size>0x2a</size>
         <input_file_ref idref="fl-5a"/>
      </object_component>
      <object_component id="oc-1e1">
         <name>.text</name>
         <load_address>0x87c43</load_address>
         <run_address>0x87c43</run_address>
         <size>0x29</size>
         <input_file_ref idref="fl-6e"/>
      </object_component>
      <object_component id="oc-365">
         <name>.text</name>
         <load_address>0x87c6c</load_address>
         <run_address>0x87c6c</run_address>
         <size>0x25</size>
         <input_file_ref idref="fl-72"/>
      </object_component>
      <object_component id="oc-18b">
         <name>.text</name>
         <load_address>0x87c91</load_address>
         <run_address>0x87c91</run_address>
         <size>0x22</size>
         <input_file_ref idref="fl-64"/>
      </object_component>
      <object_component id="oc-186">
         <name>.text</name>
         <load_address>0x87cb3</load_address>
         <run_address>0x87cb3</run_address>
         <size>0x21</size>
         <input_file_ref idref="fl-5e"/>
      </object_component>
      <object_component id="oc-33d">
         <name>.text</name>
         <load_address>0x87cd4</load_address>
         <run_address>0x87cd4</run_address>
         <size>0x1f</size>
         <input_file_ref idref="fl-5f"/>
      </object_component>
      <object_component id="oc-176">
         <name>.text</name>
         <load_address>0x87cf3</load_address>
         <run_address>0x87cf3</run_address>
         <size>0x1d</size>
         <input_file_ref idref="fl-63"/>
      </object_component>
      <object_component id="oc-d9">
         <name>.text</name>
         <load_address>0x87d10</load_address>
         <run_address>0x87d10</run_address>
         <size>0x1d</size>
         <input_file_ref idref="fl-50"/>
      </object_component>
      <object_component id="oc-ab">
         <name>.text</name>
         <load_address>0x87d2d</load_address>
         <run_address>0x87d2d</run_address>
         <size>0x1c</size>
         <input_file_ref idref="fl-29"/>
      </object_component>
      <object_component id="oc-165">
         <name>.text</name>
         <load_address>0x87d49</load_address>
         <run_address>0x87d49</run_address>
         <size>0x1c</size>
         <input_file_ref idref="fl-67"/>
      </object_component>
      <object_component id="oc-2d3">
         <name>.text</name>
         <load_address>0x87d65</load_address>
         <run_address>0x87d65</run_address>
         <size>0x1c</size>
         <input_file_ref idref="fl-66"/>
      </object_component>
      <object_component id="oc-2ce">
         <name>.text</name>
         <load_address>0x87d81</load_address>
         <run_address>0x87d81</run_address>
         <size>0x18</size>
         <input_file_ref idref="fl-61"/>
      </object_component>
      <object_component id="oc-143">
         <name>.text</name>
         <load_address>0x87d99</load_address>
         <run_address>0x87d99</run_address>
         <size>0x17</size>
         <input_file_ref idref="fl-58"/>
      </object_component>
      <object_component id="oc-233">
         <name>.text</name>
         <load_address>0x87db0</load_address>
         <run_address>0x87db0</run_address>
         <size>0xe</size>
         <input_file_ref idref="fl-5d"/>
      </object_component>
      <object_component id="oc-1db">
         <name>.text</name>
         <load_address>0x87dbe</load_address>
         <run_address>0x87dbe</run_address>
         <size>0xc</size>
         <input_file_ref idref="fl-70"/>
      </object_component>
      <object_component id="oc-1b5">
         <name>.text</name>
         <load_address>0x87dca</load_address>
         <run_address>0x87dca</run_address>
         <size>0xb</size>
         <input_file_ref idref="fl-65"/>
      </object_component>
      <object_component id="oc-1f8">
         <name>.text:__relaxed_sqrtf</name>
         <load_address>0x87dd5</load_address>
         <run_address>0x87dd5</run_address>
         <size>0x9</size>
         <input_file_ref idref="fl-29"/>
      </object_component>
      <object_component id="oc-326">
         <name>.text</name>
         <load_address>0x87dde</load_address>
         <run_address>0x87dde</run_address>
         <size>0x9</size>
         <input_file_ref idref="fl-6f"/>
      </object_component>
      <object_component id="oc-22b">
         <name>.text</name>
         <load_address>0x87de7</load_address>
         <run_address>0x87de7</run_address>
         <size>0x9</size>
         <input_file_ref idref="fl-5c"/>
      </object_component>
      <object_component id="oc-93">
         <name>.text:decompress:none</name>
         <load_address>0x87df0</load_address>
         <run_address>0x87df0</run_address>
         <size>0x8</size>
         <input_file_ref idref="fl-4d"/>
      </object_component>
      <object_component id="oc-ed">
         <name>.text</name>
         <load_address>0x87df8</load_address>
         <run_address>0x87df8</run_address>
         <size>0x8</size>
         <input_file_ref idref="fl-30"/>
      </object_component>
      <object_component id="oc-13c">
         <name>.text</name>
         <load_address>0x87e00</load_address>
         <run_address>0x87e00</run_address>
         <size>0x7</size>
         <input_file_ref idref="fl-4f"/>
      </object_component>
      <object_component id="oc-e7">
         <name>.text:decompress:ZI</name>
         <load_address>0x87e07</load_address>
         <run_address>0x87e07</run_address>
         <size>0x6</size>
         <input_file_ref idref="fl-4a"/>
      </object_component>
      <object_component id="oc-498">
         <name>.cinit..data.load</name>
         <load_address>0x810dc</load_address>
         <run_address>0x810dc</run_address>
         <size>0xfc</size>
      </object_component>
      <object_component id="oc-495">
         <name>__TI_handler_table</name>
         <load_address>0x811d8</load_address>
         <run_address>0x811d8</run_address>
         <size>0x6</size>
      </object_component>
      <object_component id="oc-497">
         <name>.cinit..bss.load</name>
         <load_address>0x811de</load_address>
         <run_address>0x811de</run_address>
         <size>0x4</size>
      </object_component>
      <object_component id="oc-496">
         <name>__TI_cinit_table</name>
         <load_address>0x811e4</load_address>
         <run_address>0x811e4</run_address>
         <size>0x8</size>
      </object_component>
      <object_component id="oc-d6">
         <name>.stack</name>
         <uninitialized>true</uninitialized>
         <run_address>0x400</run_address>
         <size>0x0</size>
         <input_file_ref idref="fl-58"/>
      </object_component>
      <object_component id="oc-499">
         <name>.stack</name>
         <uninitialized>true</uninitialized>
         <run_address>0x400</run_address>
         <size>0x0</size>
      </object_component>
      <object_component id="oc-190">
         <name>.bss</name>
         <uninitialized>true</uninitialized>
         <run_address>0xd818</run_address>
         <size>0x2</size>
         <input_file_ref idref="fl-4"/>
      </object_component>
      <object_component id="oc-162">
         <name>.bss:Mag</name>
         <uninitialized>true</uninitialized>
         <run_address>0xd400</run_address>
         <size>0x400</size>
         <input_file_ref idref="fl-4"/>
      </object_component>
      <object_component id="oc-15f">
         <name>.bss:FFT_256PointOut</name>
         <uninitialized>true</uninitialized>
         <run_address>0xd000</run_address>
         <size>0x400</size>
         <input_file_ref idref="fl-4"/>
      </object_component>
      <object_component id="oc-f9">
         <name>.bss:data</name>
         <uninitialized>true</uninitialized>
         <run_address>0xc800</run_address>
         <size>0x800</size>
         <input_file_ref idref="fl-4"/>
      </object_component>
      <object_component id="oc-150">
         <name>.bss:FFT_256PointIn</name>
         <uninitialized>true</uninitialized>
         <run_address>0xb800</run_address>
         <size>0x1000</size>
         <input_file_ref idref="fl-4"/>
      </object_component>
      <object_component id="oc-fc">
         <name>.bss</name>
         <uninitialized>true</uninitialized>
         <run_address>0xd800</run_address>
         <size>0x18</size>
         <input_file_ref idref="fl-31"/>
      </object_component>
      <object_component id="oc-ff">
         <name>.data</name>
         <load_address>0xaaca</load_address>
         <run_address>0xaaca</run_address>
         <size>0x1</size>
         <input_file_ref idref="fl-4"/>
      </object_component>
      <object_component id="oc-1ba">
         <name>.data:Hzk</name>
         <load_address>0xa800</load_address>
         <run_address>0xa800</run_address>
         <size>0x2c0</size>
         <input_file_ref idref="fl-2c"/>
      </object_component>
      <object_component id="oc-2a0">
         <name>.data</name>
         <load_address>0xaac0</load_address>
         <run_address>0xaac0</run_address>
         <size>0x6</size>
         <input_file_ref idref="fl-6e"/>
      </object_component>
      <object_component id="oc-2a3">
         <name>.data:_lock</name>
         <load_address>0xaac6</load_address>
         <run_address>0xaac6</run_address>
         <size>0x2</size>
         <input_file_ref idref="fl-6f"/>
      </object_component>
      <object_component id="oc-385">
         <name>.data:_unlock</name>
         <load_address>0xaac8</load_address>
         <run_address>0xaac8</run_address>
         <size>0x2</size>
         <input_file_ref idref="fl-6f"/>
      </object_component>
      <object_component id="oc-240">
         <name>.data</name>
         <load_address>0xaacb</load_address>
         <run_address>0xaacb</run_address>
         <size>0x1</size>
         <input_file_ref idref="fl-71"/>
      </object_component>
      <object_component id="oc-1af">
         <name>.const:.string:F8X16</name>
         <load_address>0x84000</load_address>
         <run_address>0x84000</run_address>
         <size>0x5f0</size>
         <input_file_ref idref="fl-2c"/>
      </object_component>
      <object_component id="oc-1b2">
         <name>.const:F6x8</name>
         <load_address>0x845f0</load_address>
         <run_address>0x845f0</run_address>
         <size>0x228</size>
         <input_file_ref idref="fl-2c"/>
      </object_component>
      <object_component id="oc-3a3">
         <name>.const:PIo2</name>
         <load_address>0x84818</load_address>
         <run_address>0x84818</run_address>
         <size>0x20</size>
         <input_file_ref idref="fl-6d"/>
      </object_component>
      <object_component id="oc-2cb">
         <name>.const:bp</name>
         <load_address>0x84838</load_address>
         <run_address>0x84838</run_address>
         <size>0x8</size>
         <input_file_ref idref="fl-52"/>
      </object_component>
      <object_component id="oc-d3">
         <name>.const</name>
         <load_address>0x84840</load_address>
         <run_address>0x84840</run_address>
         <size>0x1c0</size>
         <input_file_ref idref="fl-39"/>
      </object_component>
      <object_component id="oc-2c8">
         <name>.const</name>
         <load_address>0x84a00</load_address>
         <run_address>0x84a00</run_address>
         <size>0xdc</size>
         <input_file_ref idref="fl-52"/>
      </object_component>
      <object_component id="oc-397">
         <name>.const:ipio2</name>
         <load_address>0x84adc</load_address>
         <run_address>0x84adc</run_address>
         <size>0x84</size>
         <input_file_ref idref="fl-6d"/>
      </object_component>
      <object_component id="oc-230">
         <name>.const</name>
         <load_address>0x84b60</load_address>
         <run_address>0x84b60</run_address>
         <size>0x20</size>
         <input_file_ref idref="fl-51"/>
      </object_component>
      <object_component id="oc-342">
         <name>.const</name>
         <load_address>0x84b80</load_address>
         <run_address>0x84b80</run_address>
         <size>0x64</size>
         <input_file_ref idref="fl-6c"/>
      </object_component>
      <object_component id="oc-2f3">
         <name>.const</name>
         <load_address>0x84be4</load_address>
         <run_address>0x84be4</run_address>
         <size>0x1c</size>
         <input_file_ref idref="fl-54"/>
      </object_component>
      <object_component id="oc-338">
         <name>.const</name>
         <load_address>0x84c00</load_address>
         <run_address>0x84c00</run_address>
         <size>0x3c</size>
         <input_file_ref idref="fl-73"/>
      </object_component>
      <object_component id="oc-394">
         <name>.const:init_jk</name>
         <load_address>0x84c3c</load_address>
         <run_address>0x84c3c</run_address>
         <size>0x4</size>
         <input_file_ref idref="fl-6d"/>
      </object_component>
      <object_component id="oc-34d">
         <name>.const</name>
         <load_address>0x84c40</load_address>
         <run_address>0x84c40</run_address>
         <size>0x38</size>
         <input_file_ref idref="fl-74"/>
      </object_component>
      <object_component id="oc-2f6">
         <name>.const:aT</name>
         <load_address>0x84c78</load_address>
         <run_address>0x84c78</run_address>
         <size>0x2c</size>
         <input_file_ref idref="fl-54"/>
      </object_component>
      <object_component id="oc-362">
         <name>.const</name>
         <load_address>0x84ca4</load_address>
         <run_address>0x84ca4</run_address>
         <size>0x1c</size>
         <input_file_ref idref="fl-56"/>
      </object_component>
      <object_component id="oc-39a">
         <name>.const</name>
         <load_address>0x84cc0</load_address>
         <run_address>0x84cc0</run_address>
         <size>0x2c</size>
         <input_file_ref idref="fl-6d"/>
      </object_component>
      <object_component id="oc-2ed">
         <name>.const:atanhi</name>
         <load_address>0x84cec</load_address>
         <run_address>0x84cec</run_address>
         <size>0x10</size>
         <input_file_ref idref="fl-54"/>
      </object_component>
      <object_component id="oc-2f0">
         <name>.const:atanlo</name>
         <load_address>0x84cfc</load_address>
         <run_address>0x84cfc</run_address>
         <size>0x10</size>
         <input_file_ref idref="fl-54"/>
      </object_component>
      <object_component id="oc-23a">
         <name>.const</name>
         <load_address>0x84d0c</load_address>
         <run_address>0x84d0c</run_address>
         <size>0xc</size>
         <input_file_ref idref="fl-53"/>
      </object_component>
      <object_component id="oc-3c5">
         <name>.const</name>
         <load_address>0x84d18</load_address>
         <run_address>0x84d18</run_address>
         <size>0xc</size>
         <input_file_ref idref="fl-75"/>
      </object_component>
      <object_component id="oc-2d8">
         <name>.const:dp_h</name>
         <load_address>0x84d24</load_address>
         <run_address>0x84d24</run_address>
         <size>0x8</size>
         <input_file_ref idref="fl-52"/>
      </object_component>
      <object_component id="oc-2db">
         <name>.const:dp_l</name>
         <load_address>0x84d2c</load_address>
         <run_address>0x84d2c</run_address>
         <size>0x8</size>
         <input_file_ref idref="fl-52"/>
      </object_component>
      <object_component id="oc-1ff">
         <name>.const</name>
         <load_address>0x84d34</load_address>
         <run_address>0x84d34</run_address>
         <size>0x8</size>
         <input_file_ref idref="fl-2a"/>
      </object_component>
      <object_component id="oc-180">
         <name>.const</name>
         <load_address>0x84d3c</load_address>
         <run_address>0x84d3c</run_address>
         <size>0x4</size>
         <input_file_ref idref="fl-4"/>
      </object_component>
      <object_component id="oc-2af">
         <name>.const</name>
         <load_address>0x84d40</load_address>
         <run_address>0x84d40</run_address>
         <size>0x4</size>
         <input_file_ref idref="fl-55"/>
      </object_component>
      <object_component id="oc-2c5">
         <name>.const</name>
         <load_address>0x84d44</load_address>
         <run_address>0x84d44</run_address>
         <size>0x4</size>
         <input_file_ref idref="fl-57"/>
      </object_component>
      <object_component id="oc-1e8">
         <name>.TI.ramfunc</name>
         <load_address>0x81000</load_address>
         <run_address>0x8000</run_address>
         <size>0xd5</size>
         <input_file_ref idref="fl-14"/>
      </object_component>
      <object_component id="oc-14f">
         <name>.TI.ramfunc</name>
         <load_address>0x810d5</load_address>
         <run_address>0x80d5</run_address>
         <size>0x4</size>
         <input_file_ref idref="fl-22"/>
      </object_component>
      <object_component id="oc-110">
         <name>PieVectTableFile</name>
         <uninitialized>true</uninitialized>
         <run_address>0xd00</run_address>
         <size>0x1c0</size>
         <input_file_ref idref="fl-36"/>
      </object_component>
      <object_component id="oc-19e">
         <name>CpuTimer0RegsFile</name>
         <uninitialized>true</uninitialized>
         <run_address>0xc00</run_address>
         <size>0x8</size>
         <input_file_ref idref="fl-36"/>
      </object_component>
      <object_component id="oc-113">
         <name>CpuTimer1RegsFile</name>
         <uninitialized>true</uninitialized>
         <run_address>0xc08</run_address>
         <size>0x8</size>
         <input_file_ref idref="fl-36"/>
      </object_component>
      <object_component id="oc-1a1">
         <name>CpuTimer2RegsFile</name>
         <uninitialized>true</uninitialized>
         <run_address>0xc10</run_address>
         <size>0x8</size>
         <input_file_ref idref="fl-36"/>
      </object_component>
      <object_component id="oc-103">
         <name>.debug_types</name>
         <load_address>0x0</load_address>
         <run_address>0x0</run_address>
         <size>0x15aa</size>
         <input_file_ref idref="fl-4"/>
      </object_component>
      <object_component id="oc-21a">
         <name>.debug_types</name>
         <load_address>0x15aa</load_address>
         <run_address>0x15aa</run_address>
         <size>0x151</size>
         <input_file_ref idref="fl-5"/>
      </object_component>
      <object_component id="oc-2a9">
         <name>.debug_types</name>
         <load_address>0x16fb</load_address>
         <run_address>0x16fb</run_address>
         <size>0x1e9</size>
         <input_file_ref idref="fl-14"/>
      </object_component>
      <object_component id="oc-1c0">
         <name>.debug_types</name>
         <load_address>0x18e4</load_address>
         <run_address>0x18e4</run_address>
         <size>0x5a1</size>
         <input_file_ref idref="fl-16"/>
      </object_component>
      <object_component id="oc-1a6">
         <name>.debug_types</name>
         <load_address>0x0</load_address>
         <run_address>0x0</run_address>
         <size>0x0</size>
         <input_file_ref idref="fl-1a"/>
      </object_component>
      <object_component id="oc-1c2">
         <name>.debug_types</name>
         <load_address>0x1e85</load_address>
         <run_address>0x1e85</run_address>
         <size>0x3fa</size>
         <input_file_ref idref="fl-1f"/>
      </object_component>
      <object_component id="oc-2ab">
         <name>.debug_types</name>
         <load_address>0x227f</load_address>
         <run_address>0x227f</run_address>
         <size>0xaaf</size>
         <input_file_ref idref="fl-22"/>
      </object_component>
      <object_component id="oc-12b">
         <name>.debug_types</name>
         <load_address>0x2d2e</load_address>
         <run_address>0x2d2e</run_address>
         <size>0x4d</size>
         <input_file_ref idref="fl-26"/>
      </object_component>
      <object_component id="oc-117">
         <name>.debug_types</name>
         <load_address>0x2d7b</load_address>
         <run_address>0x2d7b</run_address>
         <size>0x1d2e</size>
         <input_file_ref idref="fl-29"/>
      </object_component>
      <object_component id="oc-218">
         <name>.debug_types</name>
         <load_address>0x0</load_address>
         <run_address>0x0</run_address>
         <size>0x0</size>
         <input_file_ref idref="fl-2a"/>
      </object_component>
      <object_component id="oc-1be">
         <name>.debug_types</name>
         <load_address>0x4aa9</load_address>
         <run_address>0x4aa9</run_address>
         <size>0x15c</size>
         <input_file_ref idref="fl-2c"/>
      </object_component>
      <object_component id="oc-1f5">
         <name>.debug_types</name>
         <load_address>0x4c05</load_address>
         <run_address>0x4c05</run_address>
         <size>0x22c</size>
         <input_file_ref idref="fl-2e"/>
      </object_component>
      <object_component id="oc-198">
         <name>.debug_types</name>
         <load_address>0x0</load_address>
         <run_address>0x0</run_address>
         <size>0x0</size>
         <input_file_ref idref="fl-31"/>
      </object_component>
      <object_component id="oc-12e">
         <name>.debug_types</name>
         <load_address>0x0</load_address>
         <run_address>0x0</run_address>
         <size>0x0</size>
         <input_file_ref idref="fl-34"/>
      </object_component>
      <object_component id="oc-1a9">
         <name>.debug_types</name>
         <load_address>0x4e31</load_address>
         <run_address>0x4e31</run_address>
         <size>0x5c5bc</size>
         <input_file_ref idref="fl-36"/>
      </object_component>
      <object_component id="oc-131">
         <name>.debug_types</name>
         <load_address>0x613ed</load_address>
         <run_address>0x613ed</run_address>
         <size>0x5a</size>
         <input_file_ref idref="fl-39"/>
      </object_component>
      <object_component id="oc-13b">
         <name>.debug_types</name>
         <load_address>0x61447</load_address>
         <run_address>0x61447</run_address>
         <size>0x199</size>
         <input_file_ref idref="fl-4a"/>
      </object_component>
      <object_component id="oc-e0">
         <name>.debug_types</name>
         <load_address>0x0</load_address>
         <run_address>0x0</run_address>
         <size>0x0</size>
         <input_file_ref idref="fl-4d"/>
      </object_component>
      <object_component id="oc-d8">
         <name>.debug_types</name>
         <load_address>0x615e0</load_address>
         <run_address>0x615e0</run_address>
         <size>0x191</size>
         <input_file_ref idref="fl-4e"/>
      </object_component>
      <object_component id="oc-1d3">
         <name>.debug_types</name>
         <load_address>0x61771</load_address>
         <run_address>0x61771</run_address>
         <size>0x5e</size>
         <input_file_ref idref="fl-4f"/>
      </object_component>
      <object_component id="oc-136">
         <name>.debug_types</name>
         <load_address>0x617cf</load_address>
         <run_address>0x617cf</run_address>
         <size>0x89</size>
         <input_file_ref idref="fl-50"/>
      </object_component>
      <object_component id="oc-239">
         <name>.debug_types</name>
         <load_address>0x61858</load_address>
         <run_address>0x61858</run_address>
         <size>0xbc</size>
         <input_file_ref idref="fl-51"/>
      </object_component>
      <object_component id="oc-2e5">
         <name>.debug_types</name>
         <load_address>0x61914</load_address>
         <run_address>0x61914</run_address>
         <size>0x6a</size>
         <input_file_ref idref="fl-52"/>
      </object_component>
      <object_component id="oc-244">
         <name>.debug_types</name>
         <load_address>0x0</load_address>
         <run_address>0x0</run_address>
         <size>0x0</size>
         <input_file_ref idref="fl-53"/>
      </object_component>
      <object_component id="oc-2fa">
         <name>.debug_types</name>
         <load_address>0x6197e</load_address>
         <run_address>0x6197e</run_address>
         <size>0x64</size>
         <input_file_ref idref="fl-54"/>
      </object_component>
      <object_component id="oc-2c3">
         <name>.debug_types</name>
         <load_address>0x619e2</load_address>
         <run_address>0x619e2</run_address>
         <size>0x32</size>
         <input_file_ref idref="fl-55"/>
      </object_component>
      <object_component id="oc-36c">
         <name>.debug_types</name>
         <load_address>0x0</load_address>
         <run_address>0x0</run_address>
         <size>0x0</size>
         <input_file_ref idref="fl-56"/>
      </object_component>
      <object_component id="oc-2c7">
         <name>.debug_types</name>
         <load_address>0x0</load_address>
         <run_address>0x0</run_address>
         <size>0x0</size>
         <input_file_ref idref="fl-57"/>
      </object_component>
      <object_component id="oc-26d">
         <name>.debug_types</name>
         <load_address>0x0</load_address>
         <run_address>0x0</run_address>
         <size>0x0</size>
         <input_file_ref idref="fl-6a"/>
      </object_component>
      <object_component id="oc-313">
         <name>.debug_types</name>
         <load_address>0x61a14</load_address>
         <run_address>0x61a14</run_address>
         <size>0x4ca</size>
         <input_file_ref idref="fl-6b"/>
      </object_component>
      <object_component id="oc-34c">
         <name>.debug_types</name>
         <load_address>0x61ede</load_address>
         <run_address>0x61ede</run_address>
         <size>0x64</size>
         <input_file_ref idref="fl-6c"/>
      </object_component>
      <object_component id="oc-3a7">
         <name>.debug_types</name>
         <load_address>0x61f42</load_address>
         <run_address>0x61f42</run_address>
         <size>0x158</size>
         <input_file_ref idref="fl-6d"/>
      </object_component>
      <object_component id="oc-2a7">
         <name>.debug_types</name>
         <load_address>0x6209a</load_address>
         <run_address>0x6209a</run_address>
         <size>0x90</size>
         <input_file_ref idref="fl-6e"/>
      </object_component>
      <object_component id="oc-32e">
         <name>.debug_types</name>
         <load_address>0x6212a</load_address>
         <run_address>0x6212a</run_address>
         <size>0x2f</size>
         <input_file_ref idref="fl-6f"/>
      </object_component>
      <object_component id="oc-29f">
         <name>.debug_types</name>
         <load_address>0x62159</load_address>
         <run_address>0x62159</run_address>
         <size>0xe1</size>
         <input_file_ref idref="fl-70"/>
      </object_component>
      <object_component id="oc-305">
         <name>.debug_types</name>
         <load_address>0x0</load_address>
         <run_address>0x0</run_address>
         <size>0x0</size>
         <input_file_ref idref="fl-71"/>
      </object_component>
      <object_component id="oc-3b3">
         <name>.debug_types</name>
         <load_address>0x0</load_address>
         <run_address>0x0</run_address>
         <size>0x0</size>
         <input_file_ref idref="fl-72"/>
      </object_component>
      <object_component id="oc-33c">
         <name>.debug_types</name>
         <load_address>0x0</load_address>
         <run_address>0x0</run_address>
         <size>0x0</size>
         <input_file_ref idref="fl-73"/>
      </object_component>
      <object_component id="oc-351">
         <name>.debug_types</name>
         <load_address>0x0</load_address>
         <run_address>0x0</run_address>
         <size>0x0</size>
         <input_file_ref idref="fl-74"/>
      </object_component>
      <object_component id="oc-3c9">
         <name>.debug_types</name>
         <load_address>0x0</load_address>
         <run_address>0x0</run_address>
         <size>0x0</size>
         <input_file_ref idref="fl-75"/>
      </object_component>
      <object_component id="oc-37f">
         <name>.debug_types</name>
         <load_address>0x0</load_address>
         <run_address>0x0</run_address>
         <size>0x0</size>
         <input_file_ref idref="fl-77"/>
      </object_component>
      <object_component id="oc-100">
         <name>.debug_info</name>
         <load_address>0x0</load_address>
         <run_address>0x0</run_address>
         <size>0xc3</size>
         <input_file_ref idref="fl-4"/>
      </object_component>
      <object_component id="oc-191">
         <name>.debug_info</name>
         <load_address>0xc3</load_address>
         <run_address>0xc3</run_address>
         <size>0xfd</size>
         <input_file_ref idref="fl-4"/>
      </object_component>
      <object_component id="oc-163">
         <name>.debug_info</name>
         <load_address>0x1c0</load_address>
         <run_address>0x1c0</run_address>
         <size>0xc3</size>
         <input_file_ref idref="fl-4"/>
      </object_component>
      <object_component id="oc-160">
         <name>.debug_info</name>
         <load_address>0x283</load_address>
         <run_address>0x283</run_address>
         <size>0xdb</size>
         <input_file_ref idref="fl-4"/>
      </object_component>
      <object_component id="oc-fa">
         <name>.debug_info</name>
         <load_address>0x35e</load_address>
         <run_address>0x35e</run_address>
         <size>0xc5</size>
         <input_file_ref idref="fl-4"/>
      </object_component>
      <object_component id="oc-151">
         <name>.debug_info</name>
         <load_address>0x423</load_address>
         <run_address>0x423</run_address>
         <size>0xd9</size>
         <input_file_ref idref="fl-4"/>
      </object_component>
      <object_component id="oc-f5">
         <name>.debug_info</name>
         <load_address>0x4fc</load_address>
         <run_address>0x4fc</run_address>
         <size>0x12a5</size>
         <input_file_ref idref="fl-4"/>
      </object_component>
      <object_component id="oc-a7">
         <name>.debug_info</name>
         <load_address>0x17a1</load_address>
         <run_address>0x17a1</run_address>
         <size>0x115</size>
         <input_file_ref idref="fl-4"/>
      </object_component>
      <object_component id="oc-15c">
         <name>.debug_info</name>
         <load_address>0x18b6</load_address>
         <run_address>0x18b6</run_address>
         <size>0x2b2</size>
         <input_file_ref idref="fl-5"/>
      </object_component>
      <object_component id="oc-1ea">
         <name>.debug_info</name>
         <load_address>0x1b68</load_address>
         <run_address>0x1b68</run_address>
         <size>0x95b</size>
         <input_file_ref idref="fl-14"/>
      </object_component>
      <object_component id="oc-121">
         <name>.debug_info</name>
         <load_address>0x24c3</load_address>
         <run_address>0x24c3</run_address>
         <size>0x9f2</size>
         <input_file_ref idref="fl-16"/>
      </object_component>
      <object_component id="oc-10c">
         <name>.debug_info</name>
         <load_address>0x2eb5</load_address>
         <run_address>0x2eb5</run_address>
         <size>0x710</size>
         <input_file_ref idref="fl-1a"/>
      </object_component>
      <object_component id="oc-127">
         <name>.debug_info</name>
         <load_address>0x35c5</load_address>
         <run_address>0x35c5</run_address>
         <size>0xadd</size>
         <input_file_ref idref="fl-1f"/>
      </object_component>
      <object_component id="oc-1f1">
         <name>.debug_info</name>
         <load_address>0x40a2</load_address>
         <run_address>0x40a2</run_address>
         <size>0x1347</size>
         <input_file_ref idref="fl-22"/>
      </object_component>
      <object_component id="oc-b3">
         <name>.debug_info</name>
         <load_address>0x53e9</load_address>
         <run_address>0x53e9</run_address>
         <size>0x92a</size>
         <input_file_ref idref="fl-26"/>
      </object_component>
      <object_component id="oc-b8">
         <name>.debug_info</name>
         <load_address>0x5d13</load_address>
         <run_address>0x5d13</run_address>
         <size>0x1a0</size>
         <input_file_ref idref="fl-26"/>
      </object_component>
      <object_component id="oc-1f9">
         <name>.debug_info</name>
         <load_address>0x5eb3</load_address>
         <run_address>0x5eb3</run_address>
         <size>0x165</size>
         <input_file_ref idref="fl-29"/>
      </object_component>
      <object_component id="oc-ac">
         <name>.debug_info</name>
         <load_address>0x6018</load_address>
         <run_address>0x6018</run_address>
         <size>0x13b</size>
         <input_file_ref idref="fl-29"/>
      </object_component>
      <object_component id="oc-155">
         <name>.debug_info</name>
         <load_address>0x6153</load_address>
         <run_address>0x6153</run_address>
         <size>0x8a5</size>
         <input_file_ref idref="fl-2a"/>
      </object_component>
      <object_component id="oc-1b3">
         <name>.debug_info</name>
         <load_address>0x69f8</load_address>
         <run_address>0x69f8</run_address>
         <size>0xce</size>
         <input_file_ref idref="fl-2c"/>
      </object_component>
      <object_component id="oc-1bb">
         <name>.debug_info</name>
         <load_address>0x6ac6</load_address>
         <run_address>0x6ac6</run_address>
         <size>0xcc</size>
         <input_file_ref idref="fl-2c"/>
      </object_component>
      <object_component id="oc-1b0">
         <name>.debug_info</name>
         <load_address>0x6b92</load_address>
         <run_address>0x6b92</run_address>
         <size>0xd0</size>
         <input_file_ref idref="fl-2c"/>
      </object_component>
      <object_component id="oc-119">
         <name>.debug_info</name>
         <load_address>0x6c62</load_address>
         <run_address>0x6c62</run_address>
         <size>0x1353</size>
         <input_file_ref idref="fl-2c"/>
      </object_component>
      <object_component id="oc-14b">
         <name>.debug_info</name>
         <load_address>0x7fb5</load_address>
         <run_address>0x7fb5</run_address>
         <size>0xdbe</size>
         <input_file_ref idref="fl-2e"/>
      </object_component>
      <object_component id="oc-9b">
         <name>.debug_info</name>
         <load_address>0x8d73</load_address>
         <run_address>0x8d73</run_address>
         <size>0xf9</size>
         <input_file_ref idref="fl-30"/>
      </object_component>
      <object_component id="oc-ee">
         <name>.debug_info</name>
         <load_address>0x8e6c</load_address>
         <run_address>0x8e6c</run_address>
         <size>0xfa</size>
         <input_file_ref idref="fl-30"/>
      </object_component>
      <object_component id="oc-fd">
         <name>.debug_info</name>
         <load_address>0x8f66</load_address>
         <run_address>0x8f66</run_address>
         <size>0x12f</size>
         <input_file_ref idref="fl-31"/>
      </object_component>
      <object_component id="oc-105">
         <name>.debug_info</name>
         <load_address>0x9095</load_address>
         <run_address>0x9095</run_address>
         <size>0x1e9</size>
         <input_file_ref idref="fl-31"/>
      </object_component>
      <object_component id="oc-ce">
         <name>.debug_info</name>
         <load_address>0x927e</load_address>
         <run_address>0x927e</run_address>
         <size>0x221d</size>
         <input_file_ref idref="fl-34"/>
      </object_component>
      <object_component id="oc-19f">
         <name>.debug_info</name>
         <load_address>0xb49b</load_address>
         <run_address>0xb49b</run_address>
         <size>0xf4</size>
         <input_file_ref idref="fl-36"/>
      </object_component>
      <object_component id="oc-114">
         <name>.debug_info</name>
         <load_address>0xb58f</load_address>
         <run_address>0xb58f</run_address>
         <size>0xf4</size>
         <input_file_ref idref="fl-36"/>
      </object_component>
      <object_component id="oc-1a2">
         <name>.debug_info</name>
         <load_address>0xb683</load_address>
         <run_address>0xb683</run_address>
         <size>0xf4</size>
         <input_file_ref idref="fl-36"/>
      </object_component>
      <object_component id="oc-111">
         <name>.debug_info</name>
         <load_address>0xb777</load_address>
         <run_address>0xb777</run_address>
         <size>0xf2</size>
         <input_file_ref idref="fl-36"/>
      </object_component>
      <object_component id="oc-d4">
         <name>.debug_info</name>
         <load_address>0xb869</load_address>
         <run_address>0xb869</run_address>
         <size>0xef</size>
         <input_file_ref idref="fl-39"/>
      </object_component>
      <object_component id="oc-e8">
         <name>.debug_info</name>
         <load_address>0xb958</load_address>
         <run_address>0xb958</run_address>
         <size>0x19f</size>
         <input_file_ref idref="fl-4a"/>
      </object_component>
      <object_component id="oc-94">
         <name>.debug_info</name>
         <load_address>0xbaf7</load_address>
         <run_address>0xbaf7</run_address>
         <size>0x1b7</size>
         <input_file_ref idref="fl-4d"/>
      </object_component>
      <object_component id="oc-8f">
         <name>.debug_info</name>
         <load_address>0xbcae</load_address>
         <run_address>0xbcae</run_address>
         <size>0x20c</size>
         <input_file_ref idref="fl-4e"/>
      </object_component>
      <object_component id="oc-140">
         <name>.debug_info</name>
         <load_address>0xbeba</load_address>
         <run_address>0xbeba</run_address>
         <size>0x208</size>
         <input_file_ref idref="fl-4f"/>
      </object_component>
      <object_component id="oc-da">
         <name>.debug_info</name>
         <load_address>0xc0c2</load_address>
         <run_address>0xc0c2</run_address>
         <size>0x19b</size>
         <input_file_ref idref="fl-50"/>
      </object_component>
      <object_component id="oc-231">
         <name>.debug_info</name>
         <load_address>0xc25d</load_address>
         <run_address>0xc25d</run_address>
         <size>0x199</size>
         <input_file_ref idref="fl-51"/>
      </object_component>
      <object_component id="oc-16b">
         <name>.debug_info</name>
         <load_address>0xc3f6</load_address>
         <run_address>0xc3f6</run_address>
         <size>0x295</size>
         <input_file_ref idref="fl-51"/>
      </object_component>
      <object_component id="oc-2c9">
         <name>.debug_info</name>
         <load_address>0xc68b</load_address>
         <run_address>0xc68b</run_address>
         <size>0x381</size>
         <input_file_ref idref="fl-52"/>
      </object_component>
      <object_component id="oc-2cc">
         <name>.debug_info</name>
         <load_address>0xca0c</load_address>
         <run_address>0xca0c</run_address>
         <size>0x101</size>
         <input_file_ref idref="fl-52"/>
      </object_component>
      <object_component id="oc-2d9">
         <name>.debug_info</name>
         <load_address>0xcb0d</load_address>
         <run_address>0xcb0d</run_address>
         <size>0x105</size>
         <input_file_ref idref="fl-52"/>
      </object_component>
      <object_component id="oc-2dc">
         <name>.debug_info</name>
         <load_address>0xcc12</load_address>
         <run_address>0xcc12</run_address>
         <size>0x105</size>
         <input_file_ref idref="fl-52"/>
      </object_component>
      <object_component id="oc-212">
         <name>.debug_info</name>
         <load_address>0xcd17</load_address>
         <run_address>0xcd17</run_address>
         <size>0xd5d</size>
         <input_file_ref idref="fl-52"/>
      </object_component>
      <object_component id="oc-171">
         <name>.debug_info</name>
         <load_address>0xda74</load_address>
         <run_address>0xda74</run_address>
         <size>0x2f5</size>
         <input_file_ref idref="fl-53"/>
      </object_component>
      <object_component id="oc-2f4">
         <name>.debug_info</name>
         <load_address>0xdd69</load_address>
         <run_address>0xdd69</run_address>
         <size>0x120</size>
         <input_file_ref idref="fl-54"/>
      </object_component>
      <object_component id="oc-2ee">
         <name>.debug_info</name>
         <load_address>0xde89</load_address>
         <run_address>0xde89</run_address>
         <size>0x10a</size>
         <input_file_ref idref="fl-54"/>
      </object_component>
      <object_component id="oc-2f1">
         <name>.debug_info</name>
         <load_address>0xdf93</load_address>
         <run_address>0xdf93</run_address>
         <size>0x10a</size>
         <input_file_ref idref="fl-54"/>
      </object_component>
      <object_component id="oc-2f7">
         <name>.debug_info</name>
         <load_address>0xe09d</load_address>
         <run_address>0xe09d</run_address>
         <size>0x102</size>
         <input_file_ref idref="fl-54"/>
      </object_component>
      <object_component id="oc-227">
         <name>.debug_info</name>
         <load_address>0xe19f</load_address>
         <run_address>0xe19f</run_address>
         <size>0x586</size>
         <input_file_ref idref="fl-54"/>
      </object_component>
      <object_component id="oc-203">
         <name>.debug_info</name>
         <load_address>0xe725</load_address>
         <run_address>0xe725</run_address>
         <size>0x238</size>
         <input_file_ref idref="fl-55"/>
      </object_component>
      <object_component id="oc-363">
         <name>.debug_info</name>
         <load_address>0xe95d</load_address>
         <run_address>0xe95d</run_address>
         <size>0x146</size>
         <input_file_ref idref="fl-56"/>
      </object_component>
      <object_component id="oc-2df">
         <name>.debug_info</name>
         <load_address>0xeaa3</load_address>
         <run_address>0xeaa3</run_address>
         <size>0x208</size>
         <input_file_ref idref="fl-56"/>
      </object_component>
      <object_component id="oc-20c">
         <name>.debug_info</name>
         <load_address>0xecab</load_address>
         <run_address>0xecab</run_address>
         <size>0x238</size>
         <input_file_ref idref="fl-57"/>
      </object_component>
      <object_component id="oc-146">
         <name>.debug_info</name>
         <load_address>0xeee3</load_address>
         <run_address>0xeee3</run_address>
         <size>0x158</size>
         <input_file_ref idref="fl-58"/>
      </object_component>
      <object_component id="oc-221">
         <name>.debug_info</name>
         <load_address>0xf03b</load_address>
         <run_address>0xf03b</run_address>
         <size>0x127</size>
         <input_file_ref idref="fl-59"/>
      </object_component>
      <object_component id="oc-23d">
         <name>.debug_info</name>
         <load_address>0xf162</load_address>
         <run_address>0xf162</run_address>
         <size>0x131</size>
         <input_file_ref idref="fl-5a"/>
      </object_component>
      <object_component id="oc-182">
         <name>.debug_info</name>
         <load_address>0xf293</load_address>
         <run_address>0xf293</run_address>
         <size>0x127</size>
         <input_file_ref idref="fl-5b"/>
      </object_component>
      <object_component id="oc-22d">
         <name>.debug_info</name>
         <load_address>0xf3ba</load_address>
         <run_address>0xf3ba</run_address>
         <size>0x127</size>
         <input_file_ref idref="fl-5c"/>
      </object_component>
      <object_component id="oc-234">
         <name>.debug_info</name>
         <load_address>0xf4e1</load_address>
         <run_address>0xf4e1</run_address>
         <size>0x13b</size>
         <input_file_ref idref="fl-5d"/>
      </object_component>
      <object_component id="oc-189">
         <name>.debug_info</name>
         <load_address>0xf61c</load_address>
         <run_address>0xf61c</run_address>
         <size>0x127</size>
         <input_file_ref idref="fl-5e"/>
      </object_component>
      <object_component id="oc-33e">
         <name>.debug_info</name>
         <load_address>0xf743</load_address>
         <run_address>0xf743</run_address>
         <size>0x127</size>
         <input_file_ref idref="fl-5f"/>
      </object_component>
      <object_component id="oc-2cf">
         <name>.debug_info</name>
         <load_address>0xf86a</load_address>
         <run_address>0xf86a</run_address>
         <size>0x1a5</size>
         <input_file_ref idref="fl-61"/>
      </object_component>
      <object_component id="oc-177">
         <name>.debug_info</name>
         <load_address>0xfa0f</load_address>
         <run_address>0xfa0f</run_address>
         <size>0x12b</size>
         <input_file_ref idref="fl-63"/>
      </object_component>
      <object_component id="oc-18e">
         <name>.debug_info</name>
         <load_address>0xfb3a</load_address>
         <run_address>0xfb3a</run_address>
         <size>0x163</size>
         <input_file_ref idref="fl-64"/>
      </object_component>
      <object_component id="oc-1b8">
         <name>.debug_info</name>
         <load_address>0xfc9d</load_address>
         <run_address>0xfc9d</run_address>
         <size>0x163</size>
         <input_file_ref idref="fl-65"/>
      </object_component>
      <object_component id="oc-2d5">
         <name>.debug_info</name>
         <load_address>0xfe00</load_address>
         <run_address>0xfe00</run_address>
         <size>0x12b</size>
         <input_file_ref idref="fl-66"/>
      </object_component>
      <object_component id="oc-166">
         <name>.debug_info</name>
         <load_address>0xff2b</load_address>
         <run_address>0xff2b</run_address>
         <size>0x12b</size>
         <input_file_ref idref="fl-67"/>
      </object_component>
      <object_component id="oc-208">
         <name>.debug_info</name>
         <load_address>0x10056</load_address>
         <run_address>0x10056</run_address>
         <size>0x12b</size>
         <input_file_ref idref="fl-68"/>
      </object_component>
      <object_component id="oc-17c">
         <name>.debug_info</name>
         <load_address>0x10181</load_address>
         <run_address>0x10181</run_address>
         <size>0x127</size>
         <input_file_ref idref="fl-69"/>
      </object_component>
      <object_component id="oc-1d5">
         <name>.debug_info</name>
         <load_address>0x102a8</load_address>
         <run_address>0x102a8</run_address>
         <size>0x14d</size>
         <input_file_ref idref="fl-6a"/>
      </object_component>
      <object_component id="oc-270">
         <name>.debug_info</name>
         <load_address>0x103f5</load_address>
         <run_address>0x103f5</run_address>
         <size>0x1bf</size>
         <input_file_ref idref="fl-6b"/>
      </object_component>
      <object_component id="oc-343">
         <name>.debug_info</name>
         <load_address>0x105b4</load_address>
         <run_address>0x105b4</run_address>
         <size>0x210</size>
         <input_file_ref idref="fl-6c"/>
      </object_component>
      <object_component id="oc-2b7">
         <name>.debug_info</name>
         <load_address>0x107c4</load_address>
         <run_address>0x107c4</run_address>
         <size>0x76d</size>
         <input_file_ref idref="fl-6c"/>
      </object_component>
      <object_component id="oc-395">
         <name>.debug_info</name>
         <load_address>0x10f31</load_address>
         <run_address>0x10f31</run_address>
         <size>0x110</size>
         <input_file_ref idref="fl-6d"/>
      </object_component>
      <object_component id="oc-39b">
         <name>.debug_info</name>
         <load_address>0x11041</load_address>
         <run_address>0x11041</run_address>
         <size>0x166</size>
         <input_file_ref idref="fl-6d"/>
      </object_component>
      <object_component id="oc-3a4">
         <name>.debug_info</name>
         <load_address>0x111a7</load_address>
         <run_address>0x111a7</run_address>
         <size>0x10b</size>
         <input_file_ref idref="fl-6d"/>
      </object_component>
      <object_component id="oc-398">
         <name>.debug_info</name>
         <load_address>0x112b2</load_address>
         <run_address>0x112b2</run_address>
         <size>0x10c</size>
         <input_file_ref idref="fl-6d"/>
      </object_component>
      <object_component id="oc-346">
         <name>.debug_info</name>
         <load_address>0x113be</load_address>
         <run_address>0x113be</run_address>
         <size>0x823</size>
         <input_file_ref idref="fl-6d"/>
      </object_component>
      <object_component id="oc-2a1">
         <name>.debug_info</name>
         <load_address>0x11be1</load_address>
         <run_address>0x11be1</run_address>
         <size>0x19e</size>
         <input_file_ref idref="fl-6e"/>
      </object_component>
      <object_component id="oc-1e4">
         <name>.debug_info</name>
         <load_address>0x11d7f</load_address>
         <run_address>0x11d7f</run_address>
         <size>0x1a9</size>
         <input_file_ref idref="fl-6e"/>
      </object_component>
      <object_component id="oc-2a4">
         <name>.debug_info</name>
         <load_address>0x11f28</load_address>
         <run_address>0x11f28</run_address>
         <size>0x107</size>
         <input_file_ref idref="fl-6f"/>
      </object_component>
      <object_component id="oc-386">
         <name>.debug_info</name>
         <load_address>0x1202f</load_address>
         <run_address>0x1202f</run_address>
         <size>0x10b</size>
         <input_file_ref idref="fl-6f"/>
      </object_component>
      <object_component id="oc-327">
         <name>.debug_info</name>
         <load_address>0x1213a</load_address>
         <run_address>0x1213a</run_address>
         <size>0x203</size>
         <input_file_ref idref="fl-6f"/>
      </object_component>
      <object_component id="oc-1dc">
         <name>.debug_info</name>
         <load_address>0x1233d</load_address>
         <run_address>0x1233d</run_address>
         <size>0x15d</size>
         <input_file_ref idref="fl-70"/>
      </object_component>
      <object_component id="oc-241">
         <name>.debug_info</name>
         <load_address>0x1249a</load_address>
         <run_address>0x1249a</run_address>
         <size>0x106</size>
         <input_file_ref idref="fl-71"/>
[...]
      <symbol id="sm-45b">
         <name>ECAP1_ISR</name>
         <value>0x82b6b</value>
         <object_component_ref idref="oc-cd"/>
      </symbol>
      <symbol id="sm-45c">
         <name>ADCA4_ISR</name>
         <value>0x82cbf</value>
         <object_component_ref idref="oc-cd"/>
      </symbol>
      <symbol id="sm-45d">
         <name>FPU_OVERFLOW_ISR</name>
         <value>0x82d5f</value>
         <object_component_ref idref="oc-cd"/>
      </symbol>
      <symbol id="sm-45e">
         <name>ADCC4_ISR</name>
         <value>0x82e13</value>
         <object_component_ref idref="oc-cd"/>
      </symbol>
      <symbol id="sm-45f">
         <name>ADCB4_ISR</name>
         <value>0x82ce7</value>
         <object_component_ref idref="oc-cd"/>
      </symbol>
      <symbol id="sm-460">
         <name>FSITXA2_ISR</name>
         <value>0x82daf</value>
         <object_component_ref idref="oc-cd"/>
      </symbol>
      <symbol id="sm-461">
         <name>EPWM7_ISR</name>
         <value>0x82b57</value>
         <object_component_ref idref="oc-cd"/>
      </symbol>
      <symbol id="sm-462">
         <name>SD1_ISR</name>
         <value>0x82d73</value>
         <object_component_ref idref="oc-cd"/>
      </symbol>
      <symbol id="sm-463">
         <name>USER10_ISR</name>
         <value>0x82a67</value>
         <object_component_ref idref="oc-cd"/>
      </symbol>
      <symbol id="sm-464">
         <name>XINT1_ISR</name>
         <value>0x82aa3</value>
         <object_component_ref idref="oc-cd"/>
      </symbol>
      <symbol id="sm-465">
         <name>USER7_ISR</name>
         <value>0x82a49</value>
         <object_component_ref idref="oc-cd"/>
      </symbol>
      <symbol id="sm-466">
         <name>CLA1_1_ISR</name>
         <value>0x82cf1</value>
         <object_component_ref idref="oc-cd"/>
      </symbol>
      <symbol id="sm-467">
         <name>USER9_ISR</name>
         <value>0x82a5d</value>
         <object_component_ref idref="oc-cd"/>
      </symbol>
      <symbol id="sm-468">
         <name>SD1DR2_ISR</name>
         <value>0x82d87</value>
         <object_component_ref idref="oc-cd"/>
      </symbol>
      <symbol id="sm-469">
         <name>ECAP2_ISR</name>
         <value>0x82b75</value>
         <object_component_ref idref="oc-cd"/>
      </symbol>
      <symbol id="sm-46a">
         <name>EPWM5_TZ_ISR</name>
         <value>0x82af3</value>
         <object_component_ref idref="oc-cd"/>
      </symbol>
      <symbol id="sm-46b">
         <name>CLA1PROMCRC_ISR</name>
         <value>0x82dcd</value>
         <object_component_ref idref="oc-cd"/>
      </symbol>
      <symbol id="sm-46c">
         <name>DMA_CH1_ISR</name>
         <value>0x82c01</value>
         <object_component_ref idref="oc-cd"/>
      </symbol>
      <symbol id="sm-46d">
         <name>CLA1_8_ISR</name>
         <value>0x82d37</value>
         <object_component_ref idref="oc-cd"/>
      </symbol>
      <symbol id="sm-46e">
         <name>USER6_ISR</name>
         <value>0x82a3f</value>
         <object_component_ref idref="oc-cd"/>
      </symbol>
      <symbol id="sm-46f">
         <name>CLA1_2_ISR</name>
         <value>0x82cfb</value>
         <object_component_ref idref="oc-cd"/>
      </symbol>
      <symbol id="sm-470">
         <name>USER8_ISR</name>
         <value>0x82a53</value>
         <object_component_ref idref="oc-cd"/>
      </symbol>
      <symbol id="sm-471">
         <name>SD1DR3_ISR</name>
         <value>0x82d91</value>
         <object_component_ref idref="oc-cd"/>
      </symbol>
      <symbol id="sm-472">
         <name>SPIB_RX_ISR</name>
         <value>0x82bed</value>
         <object_component_ref idref="oc-cd"/>
      </symbol>
      <symbol id="sm-473">
         <name>SPIB_TX_ISR</name>
         <value>0x82bf7</value>
         <object_component_ref idref="oc-cd"/>
      </symbol>
      <symbol id="sm-474">
         <name>ECAP3_ISR</name>
         <value>0x82b7f</value>
         <object_component_ref idref="oc-cd"/>
      </symbol>
      <symbol id="sm-475">
         <name>EPWM1_ISR</name>
         <value>0x82b1b</value>
         <object_component_ref idref="oc-cd"/>
      </symbol>
      <symbol id="sm-476">
         <name>DMA_CH2_ISR</name>
         <value>0x82c0b</value>
         <object_component_ref idref="oc-cd"/>
      </symbol>
      <symbol id="sm-477">
         <name>USER12_ISR</name>
         <value>0x82a7b</value>
         <object_component_ref idref="oc-cd"/>
      </symbol>
      <symbol id="sm-478">
         <name>XINT3_ISR</name>
         <value>0x82d41</value>
         <object_component_ref idref="oc-cd"/>
      </symbol>
      <symbol id="sm-479">
         <name>USER1_ISR</name>
         <value>0x82a0d</value>
         <object_component_ref idref="oc-cd"/>
      </symbol>
      <symbol id="sm-47a">
         <name>CLA1_3_ISR</name>
         <value>0x82d05</value>
         <object_component_ref idref="oc-cd"/>
      </symbol>
      <symbol id="sm-47b">
         <name>I2CA_ISR</name>
         <value>0x82c3d</value>
         <object_component_ref idref="oc-cd"/>
      </symbol>
      <symbol id="sm-47c">
         <name>CANA0_ISR</name>
         <value>0x82c79</value>
         <object_component_ref idref="oc-cd"/>
      </symbol>
      <symbol id="sm-47d">
         <name>CANB0_ISR</name>
         <value>0x82c8d</value>
         <object_component_ref idref="oc-cd"/>
      </symbol>
      <symbol id="sm-47e">
         <name>ECAP7_2_ISR</name>
         <value>0x82bbb</value>
         <object_component_ref idref="oc-cd"/>
      </symbol>
      <symbol id="sm-47f">
         <name>FSIRXA1_ISR</name>
         <value>0x82db9</value>
         <object_component_ref idref="oc-cd"/>
      </symbol>
      <symbol id="sm-480">
         <name>EPWM1_TZ_ISR</name>
         <value>0x82acb</value>
         <object_component_ref idref="oc-cd"/>
      </symbol>
      <symbol id="sm-481">
         <name>I2CA_FIFO_ISR</name>
         <value>0x82c47</value>
         <object_component_ref idref="oc-cd"/>
      </symbol>
      <symbol id="sm-482">
         <name>EPWM2_ISR</name>
         <value>0x82b25</value>
         <object_component_ref idref="oc-cd"/>
      </symbol>
      <symbol id="sm-483">
         <name>RAM_CORRECTABLE_ERROR_ISR</name>
         <value>0x82e1d</value>
         <object_component_ref idref="oc-cd"/>
      </symbol>
      <symbol id="sm-484">
         <name>DMA_CH3_ISR</name>
         <value>0x82c15</value>
         <object_component_ref idref="oc-cd"/>
      </symbol>
      <symbol id="sm-485">
         <name>ADCC_EVT_ISR</name>
         <value>0x82df5</value>
         <object_component_ref idref="oc-cd"/>
      </symbol>
      <symbol id="sm-486">
         <name>DATALOG_ISR</name>
         <value>0x829db</value>
         <object_component_ref idref="oc-cd"/>
      </symbol>
      <symbol id="sm-487">
         <name>XINT2_ISR</name>
         <value>0x82aad</value>
         <object_component_ref idref="oc-cd"/>
      </symbol>
      <symbol id="sm-488">
         <name>PIE_RESERVED_ISR</name>
         <value>0x82e59</value>
         <object_component_ref idref="oc-cd"/>
      </symbol>
      <symbol id="sm-489">
         <name>SCIB_RX_ISR</name>
         <value>0x82c65</value>
         <object_component_ref idref="oc-cd"/>
      </symbol>
      <symbol id="sm-48a">
         <name>SCIB_TX_ISR</name>
         <value>0x82c6f</value>
         <object_component_ref idref="oc-cd"/>
      </symbol>
      <symbol id="sm-48b">
         <name>CANA1_ISR</name>
         <value>0x82c83</value>
         <object_component_ref idref="oc-cd"/>
      </symbol>
      <symbol id="sm-48c">
         <name>CANB1_ISR</name>
         <value>0x82c97</value>
         <object_component_ref idref="oc-cd"/>
      </symbol>
      <symbol id="sm-48d">
         <name>FSIRXA2_ISR</name>
         <value>0x82dc3</value>
         <object_component_ref idref="oc-cd"/>
      </symbol>
      <symbol id="sm-48e">
         <name>ILLEGAL_ISR</name>
         <value>0x82a03</value>
         <object_component_ref idref="oc-cd"/>
      </symbol>
      <symbol id="sm-48f">
         <name>EPWM3_ISR</name>
         <value>0x82b2f</value>
         <object_component_ref idref="oc-cd"/>
      </symbol>
      <symbol id="sm-490">
         <name>TIMER0_ISR</name>
         <value>0x82ab7</value>
         <object_component_ref idref="oc-cd"/>
      </symbol>
      <symbol id="sm-491">
         <name>USER3_ISR</name>
         <value>0x82a21</value>
         <object_component_ref idref="oc-cd"/>
      </symbol>
      <symbol id="sm-492">
         <name>SD1DR4_ISR</name>
         <value>0x82d9b</value>
         <object_component_ref idref="oc-cd"/>
      </symbol>
      <symbol id="sm-4ad">
         <name>CpuTimer2Regs</name>
         <value>0xc10</value>
         <object_component_ref idref="oc-1a1"/>
      </symbol>
      <symbol id="sm-4ae">
         <name>PieVectTable</name>
         <value>0xd00</value>
         <object_component_ref idref="oc-110"/>
      </symbol>
      <symbol id="sm-4af">
         <name>CpuTimer0Regs</name>
         <value>0xc00</value>
         <object_component_ref idref="oc-19e"/>
      </symbol>
      <symbol id="sm-4b0">
         <name>CpuTimer1Regs</name>
         <value>0xc08</value>
         <object_component_ref idref="oc-113"/>
      </symbol>
      <symbol id="sm-4bd">
         <name>PieVectTableInit</name>
         <value>0x84840</value>
         <object_component_ref idref="oc-d3"/>
      </symbol>
      <symbol id="sm-4cd">
         <name>__TI_zero_init</name>
         <value>0x87e07</value>
         <object_component_ref idref="oc-e7"/>
      </symbol>
      <symbol id="sm-4da">
         <name>__TI_decompress_none</name>
         <value>0x87df0</value>
         <object_component_ref idref="oc-93"/>
      </symbol>
      <symbol id="sm-4ee">
         <name>__TI_decompress_lzss</name>
         <value>0x87bbd</value>
         <object_component_ref idref="oc-8d"/>
      </symbol>
      <symbol id="sm-4fd">
         <name>memset</name>
         <value>0x87e00</value>
         <object_component_ref idref="oc-13c"/>
      </symbol>
      <symbol id="sm-50f">
         <name>memcpy</name>
         <value>0x87d10</value>
         <object_component_ref idref="oc-d9"/>
      </symbol>
      <symbol id="sm-549">
         <name>atan2</name>
         <value>0x86e20</value>
         <object_component_ref idref="oc-16a"/>
      </symbol>
      <symbol id="sm-54a">
         <name>atan2l</name>
         <value>0x86e20</value>
         <object_component_ref idref="oc-16a"/>
      </symbol>
      <symbol id="sm-5db">
         <name>pow</name>
         <value>0x82000</value>
         <object_component_ref idref="oc-211"/>
      </symbol>
      <symbol id="sm-5dc">
         <name>powl</name>
         <value>0x82000</value>
         <object_component_ref idref="oc-211"/>
      </symbol>
      <symbol id="sm-5f3">
         <name>sqrtl</name>
         <value>0x875e6</value>
         <object_component_ref idref="oc-170"/>
      </symbol>
      <symbol id="sm-5f4">
         <name>sqrt</name>
         <value>0x875e6</value>
         <object_component_ref idref="oc-170"/>
      </symbol>
      <symbol id="sm-631">
         <name>atanl</name>
         <value>0x869b3</value>
         <object_component_ref idref="oc-225"/>
      </symbol>
      <symbol id="sm-632">
         <name>atan</name>
         <value>0x869b3</value>
         <object_component_ref idref="oc-225"/>
      </symbol>
      <symbol id="sm-64c">
         <name>cosl</name>
         <value>0x876c4</value>
         <object_component_ref idref="oc-200"/>
      </symbol>
      <symbol id="sm-64d">
         <name>cos</name>
         <value>0x876c4</value>
         <object_component_ref idref="oc-200"/>
      </symbol>
      <symbol id="sm-66f">
         <name>scalbn</name>
         <value>0x8785d</value>
         <object_component_ref idref="oc-2de"/>
      </symbol>
      <symbol id="sm-670">
         <name>scalbnl</name>
         <value>0x8785d</value>
         <object_component_ref idref="oc-2de"/>
      </symbol>
      <symbol id="sm-671">
         <name>ldexpl</name>
         <value>0x8785d</value>
         <object_component_ref idref="oc-2de"/>
      </symbol>
      <symbol id="sm-672">
         <name>ldexp</name>
         <value>0x8785d</value>
         <object_component_ref idref="oc-2de"/>
      </symbol>
      <symbol id="sm-68c">
         <name>sin</name>
         <value>0x87792</value>
         <object_component_ref idref="oc-20b"/>
      </symbol>
      <symbol id="sm-68d">
         <name>sinl</name>
         <value>0x87792</value>
         <object_component_ref idref="oc-20b"/>
      </symbol>
      <symbol id="sm-697">
         <name>_c_int00</name>
         <value>0x87d99</value>
         <object_component_ref idref="oc-143"/>
      </symbol>
      <symbol id="sm-698">
         <name>__stack</name>
         <value>0x400</value>
         <object_component_ref idref="oc-d6"/>
      </symbol>
      <symbol id="sm-6af">
         <name>__c28xabi_addd</name>
         <value>0x8790b</value>
         <object_component_ref idref="oc-220"/>
      </symbol>
      <symbol id="sm-6bb">
         <name>__c28xabi_cmpd</name>
         <value>0x87c19</value>
         <object_component_ref idref="oc-23b"/>
      </symbol>
      <symbol id="sm-6c9">
         <name>__c28xabi_mpyd</name>
         <value>0x87abf</value>
         <object_component_ref idref="oc-181"/>
      </symbol>
      <symbol id="sm-6d2">
         <name>__c28xabi_negd</name>
         <value>0x87de7</value>
         <object_component_ref idref="oc-22b"/>
      </symbol>
      <symbol id="sm-6da">
         <name>__c28xabi_subd</name>
         <value>0x87db0</value>
         <object_component_ref idref="oc-233"/>
      </symbol>
      <symbol id="sm-6e5">
         <name>__c28xabi_dtoi</name>
         <value>0x87cb3</value>
         <object_component_ref idref="oc-186"/>
      </symbol>
      <symbol id="sm-6f0">
         <name>__c28xabi_dtol</name>
         <value>0x87cd4</value>
         <object_component_ref idref="oc-33d"/>
      </symbol>
      <symbol id="sm-6f9">
         <name>__c28xabi_orll</name>
         <value>0x87d89</value>
         <object_component_ref idref="oc-2ce"/>
      </symbol>
      <symbol id="sm-6fa">
         <name>__c28xabi_xorll</name>
         <value>0x87d91</value>
         <object_component_ref idref="oc-2ce"/>
      </symbol>
      <symbol id="sm-6fb">
         <name>__c28xabi_andll</name>
         <value>0x87d81</value>
         <object_component_ref idref="oc-2ce"/>
      </symbol>
      <symbol id="sm-708">
         <name>__c28xabi_itod</name>
         <value>0x87cf3</value>
         <object_component_ref idref="oc-176"/>
      </symbol>
      <symbol id="sm-712">
         <name>__c28xabi_modi</name>
         <value>0x87ca2</value>
         <object_component_ref idref="oc-18b"/>
      </symbol>
      <symbol id="sm-713">
         <name>__c28xabi_divi</name>
         <value>0x87c91</value>
         <object_component_ref idref="oc-18b"/>
      </symbol>
      <symbol id="sm-71b">
         <name>__c28xabi_modu</name>
         <value>0x87dcf</value>
         <object_component_ref idref="oc-1b5"/>
      </symbol>
      <symbol id="sm-71c">
         <name>__c28xabi_divu</name>
         <value>0x87dca</value>
         <object_component_ref idref="oc-1b5"/>
      </symbol>
      <symbol id="sm-728">
         <name>__c28xabi_ltod</name>
         <value>0x87d65</value>
         <object_component_ref idref="oc-2d3"/>
      </symbol>
      <symbol id="sm-734">
         <name>__c28xabi_ftod</name>
         <value>0x87d49</value>
         <object_component_ref idref="oc-165"/>
      </symbol>
      <symbol id="sm-740">
         <name>__c28xabi_dtof</name>
         <value>0x86fdc</value>
         <object_component_ref idref="oc-206"/>
      </symbol>
      <symbol id="sm-753">
         <name>__c28xabi_divd</name>
         <value>0x87a34</value>
         <object_component_ref idref="oc-17b"/>
      </symbol>
      <symbol id="sm-760">
         <name>_system_pre_init</name>
         <value>0x82ffe</value>
         <object_component_ref idref="oc-1d4"/>
      </symbol>
      <symbol id="sm-76f">
         <name>__TI_auto_init_nobinit_nopinit</name>
         <value>0x87bee</value>
         <object_component_ref idref="oc-26e"/>
      </symbol>
      <symbol id="sm-7aa">
         <name>__rem_pio2</name>
         <value>0x83663</value>
         <object_component_ref idref="oc-2b6"/>
      </symbol>
      <symbol id="sm-81c">
         <name>__kernel_rem_pio2</name>
         <value>0x83000</value>
         <object_component_ref idref="oc-345"/>
      </symbol>
      <symbol id="sm-832">
         <name>C$$EXIT</name>
         <value>0x87c43</value>
         <object_component_ref idref="oc-1e1"/>
      </symbol>
      <symbol id="sm-833">
         <name>abort</name>
         <value>0x87c43</value>
         <object_component_ref idref="oc-1e1"/>
      </symbol>
      <symbol id="sm-834">
         <name>exit</name>
         <value>0x87c45</value>
         <object_component_ref idref="oc-1e1"/>
      </symbol>
      <symbol id="sm-835">
         <name>__TI_dtors_ptr</name>
         <value>0xaac4</value>
         <object_component_ref idref="oc-2a0"/>
      </symbol>
      <symbol id="sm-836">
         <name>__TI_cleanup_ptr</name>
         <value>0xaac2</value>
         <object_component_ref idref="oc-2a0"/>
      </symbol>
      <symbol id="sm-837">
         <name>__TI_enable_exit_profile_output</name>
         <value>0xaac0</value>
         <object_component_ref idref="oc-2a0"/>
      </symbol>
      <symbol id="sm-84e">
         <name>_nop</name>
         <value>0x87de6</value>
         <object_component_ref idref="oc-326"/>
      </symbol>
      <symbol id="sm-84f">
         <name>_lock</name>
         <value>0xaac6</value>
         <object_component_ref idref="oc-2a3"/>
      </symbol>
      <symbol id="sm-850">
         <name>_unlock</name>
         <value>0xaac8</value>
         <object_component_ref idref="oc-385"/>
      </symbol>
      <symbol id="sm-851">
         <name>_register_lock</name>
         <value>0x87de2</value>
         <object_component_ref idref="oc-326"/>
      </symbol>
      <symbol id="sm-852">
         <name>_register_unlock</name>
         <value>0x87dde</value>
         <object_component_ref idref="oc-326"/>
      </symbol>
      <symbol id="sm-861">
         <name>_args_main</name>
         <value>0x87dbe</value>
         <object_component_ref idref="oc-1db"/>
      </symbol>
      <symbol id="sm-86c">
         <name>errno</name>
         <value>0xaacb</value>
         <object_component_ref idref="oc-240"/>
      </symbol>
      <symbol id="sm-87a">
         <name>copysign</name>
         <value>0x87c6c</value>
         <object_component_ref idref="oc-365"/>
      </symbol>
      <symbol id="sm-87b">
         <name>copysignl</name>
         <value>0x87c6c</value>
         <object_component_ref idref="oc-365"/>
      </symbol>
      <symbol id="sm-89d">
         <name>__kernel_cos</name>
         <value>0x8730f</value>
         <object_component_ref idref="oc-2b0"/>
      </symbol>
      <symbol id="sm-8c0">
         <name>__kernel_sin</name>
         <value>0x871eb</value>
         <object_component_ref idref="oc-2bc"/>
      </symbol>
      <symbol id="sm-8e3">
         <name>floorl</name>
         <value>0x8741a</value>
         <object_component_ref idref="oc-39d"/>
      </symbol>
      <symbol id="sm-8e4">
         <name>floor</name>
         <value>0x8741a</value>
         <object_component_ref idref="oc-39d"/>
      </symbol>
      <symbol id="sm-8f2">
         <name>_system_post_cinit</name>
         <value>0x83ffd</value>
         <object_component_ref idref="oc-30c"/>
      </symbol>
      <symbol id="sm-8f4">
         <name>__c_args__</name>
         <value>0x0</value>
      </symbol>
   </symbol_table>
   <title>Link successful</title>
</link_info>
