<?xml version="1.0" encoding="ISO-8859-1" ?>
<link_info>
   <banner>TMS320C2000 Linker PC v20.2.4.LTS</banner>
   <copyright>Copyright (c) 1996-2018 Texas Instruments Incorporated</copyright>
   <link_time>0x6219f70a</link_time>
   <link_errors>0x0</link_errors>
   <output_file>Test.out</output_file>
   <entry_point>
      <name>code_start</name>
      <address>0x80000</address>
   </entry_point>
   <input_file_list>
      <input_file id="fl-4">
         <path>.\</path>
         <kind>object</kind>
         <file>main.obj</file>
         <name>main.obj</name>
      </input_file>
      <input_file id="fl-5">
         <path>.\C_lib\</path>
         <kind>object</kind>
         <file>adc.obj</file>
         <name>adc.obj</name>
      </input_file>
      <input_file id="fl-6">
         <path>.\C_lib\</path>
         <kind>object</kind>
         <file>asysctl.obj</file>
         <name>asysctl.obj</name>
      </input_file>
      <input_file id="fl-7">
         <path>.\C_lib\</path>
         <kind>object</kind>
         <file>can.obj</file>
         <name>can.obj</name>
      </input_file>
      <input_file id="fl-8">
         <path>.\C_lib\</path>
         <kind>object</kind>
         <file>cla.obj</file>
         <name>cla.obj</name>
      </input_file>
      <input_file id="fl-9">
         <path>.\C_lib\</path>
         <kind>object</kind>
         <file>clapromcrc.obj</file>
         <name>clapromcrc.obj</name>
      </input_file>
      <input_file id="fl-a">
         <path>.\C_lib\</path>
         <kind>object</kind>
         <file>clb.obj</file>
         <name>clb.obj</name>
      </input_file>
      <input_file id="fl-b">
         <path>.\C_lib\</path>
         <kind>object</kind>
         <file>cmpss.obj</file>
         <name>cmpss.obj</name>
      </input_file>
      <input_file id="fl-c">
         <path>.\C_lib\</path>
         <kind>object</kind>
         <file>cputimer.obj</file>
         <name>cputimer.obj</name>
      </input_file>
      <input_file id="fl-d">
         <path>.\C_lib\</path>
         <kind>object</kind>
         <file>dac.obj</file>
         <name>dac.obj</name>
      </input_file>
      <input_file id="fl-e">
         <path>.\C_lib\</path>
         <kind>object</kind>
         <file>dcc.obj</file>
         <name>dcc.obj</name>
      </input_file>
      <input_file id="fl-f">
         <path>.\C_lib\</path>
         <kind>object</kind>
         <file>dcsm.obj</file>
         <name>dcsm.obj</name>
      </input_file>
      <input_file id="fl-10">
         <path>.\C_lib\</path>
         <kind>object</kind>
         <file>dma.obj</file>
         <name>dma.obj</name>
      </input_file>
      <input_file id="fl-11">
         <path>.\C_lib\</path>
         <kind>object</kind>
         <file>ecap.obj</file>
         <name>ecap.obj</name>
      </input_file>
      <input_file id="fl-12">
         <path>.\C_lib\</path>
         <kind>object</kind>
         <file>epwm.obj</file>
         <name>epwm.obj</name>
      </input_file>
      <input_file id="fl-13">
         <path>.\C_lib\</path>
         <kind>object</kind>
         <file>eqep.obj</file>
         <name>eqep.obj</name>
      </input_file>
      <input_file id="fl-14">
         <path>.\C_lib\</path>
         <kind>object</kind>
         <file>flash.obj</file>
         <name>flash.obj</name>
      </input_file>
      <input_file id="fl-15">
         <path>.\C_lib\</path>
         <kind>object</kind>
         <file>fsi.obj</file>
         <name>fsi.obj</name>
      </input_file>
      <input_file id="fl-16">
         <path>.\C_lib\</path>
         <kind>object</kind>
         <file>gpio.obj</file>
         <name>gpio.obj</name>
      </input_file>
      <input_file id="fl-17">
         <path>.\C_lib\</path>
         <kind>object</kind>
         <file>hrcap.obj</file>
         <name>hrcap.obj</name>
      </input_file>
      <input_file id="fl-18">
         <path>.\C_lib\</path>
         <kind>object</kind>
         <file>hrpwm.obj</file>
         <name>hrpwm.obj</name>
      </input_file>
      <input_file id="fl-19">
         <path>.\C_lib\</path>
         <kind>object</kind>
         <file>i2c.obj</file>
         <name>i2c.obj</name>
      </input_file>
      <input_file id="fl-1a">
         <path>.\C_lib\</path>
         <kind>object</kind>
         <file>interrupt.obj</file>
         <name>interrupt.obj</name>
      </input_file>
      <input_file id="fl-1b">
         <path>.\C_lib\</path>
         <kind>object</kind>
         <file>lin.obj</file>
         <name>lin.obj</name>
      </input_file>
      <input_file id="fl-1c">
         <path>.\C_lib\</path>
         <kind>object</kind>
         <file>memcfg.obj</file>
         <name>memcfg.obj</name>
      </input_file>
      <input_file id="fl-1d">
         <path>.\C_lib\</path>
         <kind>object</kind>
         <file>pga.obj</file>
         <name>pga.obj</name>
      </input_file>
      <input_file id="fl-1e">
         <path>.\C_lib\</path>
         <kind>object</kind>
         <file>pmbus.obj</file>
         <name>pmbus.obj</name>
      </input_file>
      <input_file id="fl-1f">
         <path>.\C_lib\</path>
         <kind>object</kind>
         <file>sci.obj</file>
         <name>sci.obj</name>
      </input_file>
      <input_file id="fl-20">
         <path>.\C_lib\</path>
         <kind>object</kind>
         <file>sdfm.obj</file>
         <name>sdfm.obj</name>
      </input_file>
      <input_file id="fl-21">
         <path>.\C_lib\</path>
         <kind>object</kind>
         <file>spi.obj</file>
         <name>spi.obj</name>
      </input_file>
      <input_file id="fl-22">
         <path>.\C_lib\</path>
         <kind>object</kind>
         <file>sysctl.obj</file>
         <name>sysctl.obj</name>
      </input_file>
      <input_file id="fl-23">
         <path>.\C_lib\</path>
         <kind>object</kind>
         <file>version.obj</file>
         <name>version.obj</name>
      </input_file>
      <input_file id="fl-24">
         <path>.\C_lib\</path>
         <kind>object</kind>
         <file>xbar.obj</file>
         <name>xbar.obj</name>
      </input_file>
      <input_file id="fl-25">
         <path>.\HARDWARE\</path>
         <kind>object</kind>
         <file>Bluetooth.obj</file>
         <name>Bluetooth.obj</name>
      </input_file>
      <input_file id="fl-26">
         <path>.\HARDWARE\</path>
         <kind>object</kind>
         <file>Timer.obj</file>
         <name>Timer.obj</name>
      </input_file>
      <input_file id="fl-27">
         <path>.\HARDWARE\</path>
         <kind>object</kind>
         <file>fft.obj</file>
         <name>fft.obj</name>
      </input_file>
      <input_file id="fl-28">
         <path>.\HARDWARE\</path>
         <kind>object</kind>
         <file>oled.obj</file>
         <name>oled.obj</name>
      </input_file>
      <input_file id="fl-29">
         <path>.\source\</path>
         <kind>object</kind>
         <file>device.obj</file>
         <name>device.obj</name>
      </input_file>
      <input_file id="fl-2a">
         <path>.\source\</path>
         <kind>object</kind>
         <file>f28004x_adc.obj</file>
         <name>f28004x_adc.obj</name>
      </input_file>
      <input_file id="fl-2b">
         <path>.\source\</path>
         <kind>object</kind>
         <file>f28004x_codestartbranch.obj</file>
         <name>f28004x_codestartbranch.obj</name>
      </input_file>
      <input_file id="fl-2c">
         <path>.\source\</path>
         <kind>object</kind>
         <file>f28004x_cputimers.obj</file>
         <name>f28004x_cputimers.obj</name>
      </input_file>
      <input_file id="fl-2d">
         <path>.\source\</path>
         <kind>object</kind>
         <file>f28004x_dcsm_z1otp.obj</file>
         <name>f28004x_dcsm_z1otp.obj</name>
      </input_file>
      <input_file id="fl-2e">
         <path>.\source\</path>
         <kind>object</kind>
         <file>f28004x_dcsm_z2otp.obj</file>
         <name>f28004x_dcsm_z2otp.obj</name>
      </input_file>
      <input_file id="fl-2f">
         <path>.\source\</path>
         <kind>object</kind>
         <file>f28004x_defaultisr.obj</file>
         <name>f28004x_defaultisr.obj</name>
      </input_file>
      <input_file id="fl-30">
         <path>.\source\</path>
         <kind>object</kind>
         <file>f28004x_dma.obj</file>
         <name>f28004x_dma.obj</name>
      </input_file>
      <input_file id="fl-31">
         <path>.\source\</path>
         <kind>object</kind>
         <file>f28004x_globalvariabledefs.obj</file>
         <name>f28004x_globalvariabledefs.obj</name>
      </input_file>
      <input_file id="fl-32">
         <path>.\source\</path>
         <kind>object</kind>
         <file>f28004x_gpio.obj</file>
         <name>f28004x_gpio.obj</name>
      </input_file>
      <input_file id="fl-33">
         <path>.\source\</path>
         <kind>object</kind>
         <file>f28004x_piectrl.obj</file>
         <name>f28004x_piectrl.obj</name>
      </input_file>
      <input_file id="fl-34">
         <path>.\source\</path>
         <kind>object</kind>
         <file>f28004x_pievect.obj</file>
         <name>f28004x_pievect.obj</name>
      </input_file>
      <input_file id="fl-35">
         <path>.\source\</path>
         <kind>object</kind>
         <file>f28004x_spi.obj</file>
         <name>f28004x_spi.obj</name>
      </input_file>
      <input_file id="fl-36">
         <path>.\source\</path>
         <kind>object</kind>
         <file>f28004x_sysctrl.obj</file>
         <name>f28004x_sysctrl.obj</name>
      </input_file>
      <input_file id="fl-37">
         <path>.\source\</path>
         <kind>object</kind>
         <file>f28004x_usdelay.obj</file>
         <name>f28004x_usdelay.obj</name>
      </input_file>
      <input_file id="fl-41">
         <path>..\</path>
         <kind>archive</kind>
         <file>rts2800_fpu32_eabi.lib</file>
         <name>copy_zero_init.c.obj</name>
      </input_file>
      <input_file id="fl-43">
         <kind>object</kind>
         <file>&lt;internal&gt;</file>
         <name>&lt;internal&gt;</name>
      </input_file>
      <input_file id="fl-44">
         <path>..\</path>
         <kind>archive</kind>
         <file>rts2800_fpu32_eabi.lib</file>
         <name>copy_decompress_none.c.obj</name>
      </input_file>
      <input_file id="fl-45">
         <path>..\</path>
         <kind>archive</kind>
         <file>rts2800_fpu32_eabi.lib</file>
         <name>copy_decompress_lzss.c.obj</name>
      </input_file>
      <input_file id="fl-46">
         <path>..\</path>
         <kind>archive</kind>
         <file>rts2800_fpu32_eabi.lib</file>
         <name>memset.c.obj</name>
      </input_file>
      <input_file id="fl-47">
         <path>..\</path>
         <kind>archive</kind>
         <file>rts2800_fpu32_eabi.lib</file>
         <name>memcpy.c.obj</name>
      </input_file>
      <input_file id="fl-59">
         <path>D:\work\TI\ccs1031\ccs\tools\compiler\ti-cgt-c2000_20.2.4.LTS\lib\</path>
         <kind>archive</kind>
         <file>rts2800_fpu32_eabi.lib</file>
         <name>e_sqrt.c.obj</name>
      </input_file>
      <input_file id="fl-5a">
         <path>D:\work\TI\ccs1031\ccs\tools\compiler\ti-cgt-c2000_20.2.4.LTS\lib\</path>
         <kind>archive</kind>
         <file>rts2800_fpu32_eabi.lib</file>
         <name>s_cos.c.obj</name>
      </input_file>
      <input_file id="fl-5b">
         <path>D:\work\TI\ccs1031\ccs\tools\compiler\ti-cgt-c2000_20.2.4.LTS\lib\</path>
         <kind>archive</kind>
         <file>rts2800_fpu32_eabi.lib</file>
         <name>s_sin.c.obj</name>
      </input_file>
      <input_file id="fl-5c">
         <path>D:\work\TI\ccs1031\ccs\tools\compiler\ti-cgt-c2000_20.2.4.LTS\lib\</path>
         <kind>archive</kind>
         <file>rts2800_fpu32_eabi.lib</file>
         <name>boot28.asm.obj</name>
      </input_file>
      <input_file id="fl-5d">
         <path>D:\work\TI\ccs1031\ccs\tools\compiler\ti-cgt-c2000_20.2.4.LTS\lib\</path>
         <kind>archive</kind>
         <file>rts2800_fpu32_eabi.lib</file>
         <name>fd_add28.asm.obj</name>
      </input_file>
      <input_file id="fl-5e">
         <path>D:\work\TI\ccs1031\ccs\tools\compiler\ti-cgt-c2000_20.2.4.LTS\lib\</path>
         <kind>archive</kind>
         <file>rts2800_fpu32_eabi.lib</file>
         <name>fd_cmp28.asm.obj</name>
      </input_file>
      <input_file id="fl-5f">
         <path>D:\work\TI\ccs1031\ccs\tools\compiler\ti-cgt-c2000_20.2.4.LTS\lib\</path>
         <kind>archive</kind>
         <file>rts2800_fpu32_eabi.lib</file>
         <name>fd_mpy28.asm.obj</name>
      </input_file>
      <input_file id="fl-60">
         <path>D:\work\TI\ccs1031\ccs\tools\compiler\ti-cgt-c2000_20.2.4.LTS\lib\</path>
         <kind>archive</kind>
         <file>rts2800_fpu32_eabi.lib</file>
         <name>fd_neg28.asm.obj</name>
      </input_file>
      <input_file id="fl-61">
         <path>D:\work\TI\ccs1031\ccs\tools\compiler\ti-cgt-c2000_20.2.4.LTS\lib\</path>
         <kind>archive</kind>
         <file>rts2800_fpu32_eabi.lib</file>
         <name>fd_sub28.asm.obj</name>
      </input_file>
      <input_file id="fl-62">
         <path>D:\work\TI\ccs1031\ccs\tools\compiler\ti-cgt-c2000_20.2.4.LTS\lib\</path>
         <kind>archive</kind>
         <file>rts2800_fpu32_eabi.lib</file>
         <name>fd_toi28.asm.obj</name>
      </input_file>
      <input_file id="fl-63">
         <path>D:\work\TI\ccs1031\ccs\tools\compiler\ti-cgt-c2000_20.2.4.LTS\lib\</path>
         <kind>archive</kind>
         <file>rts2800_fpu32_eabi.lib</file>
         <name>ll_cmp28.asm.obj</name>
      </input_file>
      <input_file id="fl-64">
         <path>D:\work\TI\ccs1031\ccs\tools\compiler\ti-cgt-c2000_20.2.4.LTS\lib\</path>
         <kind>archive</kind>
         <file>rts2800_fpu32_eabi.lib</file>
         <name>i_div28.asm.obj</name>
      </input_file>
      <input_file id="fl-65">
         <path>D:\work\TI\ccs1031\ccs\tools\compiler\ti-cgt-c2000_20.2.4.LTS\lib\</path>
         <kind>archive</kind>
         <file>rts2800_fpu32_eabi.lib</file>
         <name>u_div28.asm.obj</name>
      </input_file>
      <input_file id="fl-66">
         <path>D:\work\TI\ccs1031\ccs\tools\compiler\ti-cgt-c2000_20.2.4.LTS\lib\</path>
         <kind>archive</kind>
         <file>rts2800_fpu32_eabi.lib</file>
         <name>fs_tofdfpu32.asm.obj</name>
      </input_file>
      <input_file id="fl-67">
         <path>D:\work\TI\ccs1031\ccs\tools\compiler\ti-cgt-c2000_20.2.4.LTS\lib\</path>
         <kind>archive</kind>
         <file>rts2800_fpu32_eabi.lib</file>
         <name>fd_tofsfpu32.asm.obj</name>
      </input_file>
      <input_file id="fl-68">
         <path>D:\work\TI\ccs1031\ccs\tools\compiler\ti-cgt-c2000_20.2.4.LTS\lib\</path>
         <kind>archive</kind>
         <file>rts2800_fpu32_eabi.lib</file>
         <name>fd_div28.asm.obj</name>
      </input_file>
      <input_file id="fl-69">
         <path>D:\work\TI\ccs1031\ccs\tools\compiler\ti-cgt-c2000_20.2.4.LTS\lib\</path>
         <kind>archive</kind>
         <file>rts2800_fpu32_eabi.lib</file>
         <name>pre_init.c.obj</name>
      </input_file>
      <input_file id="fl-6a">
         <path>D:\work\TI\ccs1031\ccs\tools\compiler\ti-cgt-c2000_20.2.4.LTS\lib\</path>
         <kind>archive</kind>
         <file>rts2800_fpu32_eabi.lib</file>
         <name>autoinit.c.obj</name>
      </input_file>
      <input_file id="fl-6b">
         <path>D:\work\TI\ccs1031\ccs\tools\compiler\ti-cgt-c2000_20.2.4.LTS\lib\</path>
         <kind>archive</kind>
         <file>rts2800_fpu32_eabi.lib</file>
         <name>e_rem_pio2.c.obj</name>
      </input_file>
      <input_file id="fl-6c">
         <path>D:\work\TI\ccs1031\ccs\tools\compiler\ti-cgt-c2000_20.2.4.LTS\lib\</path>
         <kind>archive</kind>
         <file>rts2800_fpu32_eabi.lib</file>
         <name>k_rem_pio2.c.obj</name>
      </input_file>
      <input_file id="fl-6d">
         <path>D:\work\TI\ccs1031\ccs\tools\compiler\ti-cgt-c2000_20.2.4.LTS\lib\</path>
         <kind>archive</kind>
         <file>rts2800_fpu32_eabi.lib</file>
         <name>exit.c.obj</name>
      </input_file>
      <input_file id="fl-6e">
         <path>D:\work\TI\ccs1031\ccs\tools\compiler\ti-cgt-c2000_20.2.4.LTS\lib\</path>
         <kind>archive</kind>
         <file>rts2800_fpu32_eabi.lib</file>
         <name>_lock.c.obj</name>
      </input_file>
      <input_file id="fl-6f">
         <path>D:\work\TI\ccs1031\ccs\tools\compiler\ti-cgt-c2000_20.2.4.LTS\lib\</path>
         <kind>archive</kind>
         <file>rts2800_fpu32_eabi.lib</file>
         <name>args_main.c.obj</name>
      </input_file>
      <input_file id="fl-70">
         <path>D:\work\TI\ccs1031\ccs\tools\compiler\ti-cgt-c2000_20.2.4.LTS\lib\</path>
         <kind>archive</kind>
         <file>rts2800_fpu32_eabi.lib</file>
         <name>errno.c.obj</name>
      </input_file>
      <input_file id="fl-71">
         <path>D:\work\TI\ccs1031\ccs\tools\compiler\ti-cgt-c2000_20.2.4.LTS\lib\</path>
         <kind>archive</kind>
         <file>rts2800_fpu32_eabi.lib</file>
         <name>k_cos.c.obj</name>
      </input_file>
      <input_file id="fl-72">
         <path>D:\work\TI\ccs1031\ccs\tools\compiler\ti-cgt-c2000_20.2.4.LTS\lib\</path>
         <kind>archive</kind>
         <file>rts2800_fpu32_eabi.lib</file>
         <name>k_sin.c.obj</name>
      </input_file>
      <input_file id="fl-73">
         <path>D:\work\TI\ccs1031\ccs\tools\compiler\ti-cgt-c2000_20.2.4.LTS\lib\</path>
         <kind>archive</kind>
         <file>rts2800_fpu32_eabi.lib</file>
         <name>s_floor.c.obj</name>
      </input_file>
      <input_file id="fl-74">
         <path>D:\work\TI\ccs1031\ccs\tools\compiler\ti-cgt-c2000_20.2.4.LTS\lib\</path>
         <kind>archive</kind>
         <file>rts2800_fpu32_eabi.lib</file>
         <name>s_scalbn.c.obj</name>
      </input_file>
      <input_file id="fl-75">
         <path>D:\work\TI\ccs1031\ccs\tools\compiler\ti-cgt-c2000_20.2.4.LTS\lib\</path>
         <kind>archive</kind>
         <file>rts2800_fpu32_eabi.lib</file>
         <name>fd_tol28.asm.obj</name>
      </input_file>
      <input_file id="fl-76">
         <path>D:\work\TI\ccs1031\ccs\tools\compiler\ti-cgt-c2000_20.2.4.LTS\lib\</path>
         <kind>archive</kind>
         <file>rts2800_fpu32_eabi.lib</file>
         <name>ll_aox28.asm.obj</name>
      </input_file>
      <input_file id="fl-77">
         <path>D:\work\TI\ccs1031\ccs\tools\compiler\ti-cgt-c2000_20.2.4.LTS\lib\</path>
         <kind>archive</kind>
         <file>rts2800_fpu32_eabi.lib</file>
         <name>l_tofd28.asm.obj</name>
      </input_file>
      <input_file id="fl-78">
         <path>D:\work\TI\ccs1031\ccs\tools\compiler\ti-cgt-c2000_20.2.4.LTS\lib\</path>
         <kind>archive</kind>
         <file>rts2800_fpu32_eabi.lib</file>
         <name>cpy_tbl.c.obj</name>
      </input_file>
      <input_file id="fl-79">
         <path>D:\work\TI\ccs1031\ccs\tools\compiler\ti-cgt-c2000_20.2.4.LTS\lib\</path>
         <kind>archive</kind>
         <file>rts2800_fpu32_eabi.lib</file>
         <name>startup.c.obj</name>
      </input_file>
      <input_file id="fl-7a">
         <path>D:\work\TI\ccs1031\ccs\tools\compiler\ti-cgt-c2000_20.2.4.LTS\lib\</path>
         <kind>archive</kind>
         <file>rts2800_fpu32_eabi.lib</file>
         <name>s_copysign.c.obj</name>
      </input_file>
   </input_file_list>
   <object_component_list>
      <object_component id="oc-9a">
         <name>codestart</name>
         <load_address>0x80000</load_address>
         <run_address>0x80000</run_address>
         <size>0x2</size>
         <input_file_ref idref="fl-2b"/>
      </object_component>
      <object_component id="oc-315">
         <name>.text</name>
         <load_address>0x82000</load_address>
         <run_address>0x82000</run_address>
         <size>0x663</size>
         <input_file_ref idref="fl-6c"/>
      </object_component>
      <object_component id="oc-f3">
         <name>.text</name>
         <load_address>0x82663</load_address>
         <run_address>0x82663</run_address>
         <size>0x565</size>
         <input_file_ref idref="fl-4"/>
      </object_component>
      <object_component id="oc-2a6">
         <name>.text</name>
         <load_address>0x82bc8</load_address>
         <run_address>0x82bc8</run_address>
         <size>0x430</size>
         <input_file_ref idref="fl-6b"/>
      </object_component>
      <object_component id="oc-93">
         <name>.text:decompress:none</name>
         <load_address>0x82ff8</load_address>
         <run_address>0x82ff8</run_address>
         <size>0x8</size>
         <input_file_ref idref="fl-44"/>
      </object_component>
      <object_component id="oc-cd">
         <name>.text:retain</name>
         <load_address>0x83000</load_address>
         <run_address>0x83000</run_address>
         <size>0x4b3</size>
         <input_file_ref idref="fl-2f"/>
      </object_component>
      <object_component id="oc-162">
         <name>.text</name>
         <load_address>0x834b3</load_address>
         <run_address>0x834b3</run_address>
         <size>0x3e6</size>
         <input_file_ref idref="fl-27"/>
      </object_component>
      <object_component id="oc-1e2">
         <name>.text</name>
         <load_address>0x83899</load_address>
         <run_address>0x83899</run_address>
         <size>0x394</size>
         <input_file_ref idref="fl-22"/>
      </object_component>
      <object_component id="oc-118">
         <name>.text</name>
         <load_address>0x83c2d</load_address>
         <run_address>0x83c2d</run_address>
         <size>0x309</size>
         <input_file_ref idref="fl-28"/>
      </object_component>
      <object_component id="oc-34d">
         <name>.text</name>
         <load_address>0x83f36</load_address>
         <run_address>0x83f36</run_address>
         <size>0xae</size>
         <input_file_ref idref="fl-74"/>
      </object_component>
      <object_component id="oc-ab">
         <name>.text</name>
         <load_address>0x83fe4</load_address>
         <run_address>0x83fe4</run_address>
         <size>0x1c</size>
         <input_file_ref idref="fl-26"/>
      </object_component>
      <object_component id="oc-126">
         <name>.text</name>
         <load_address>0x86000</load_address>
         <run_address>0x86000</run_address>
         <size>0x1f0</size>
         <input_file_ref idref="fl-1f"/>
      </object_component>
      <object_component id="oc-120">
         <name>.text</name>
         <load_address>0x861f0</load_address>
         <run_address>0x861f0</run_address>
         <size>0x1eb</size>
         <input_file_ref idref="fl-16"/>
      </object_component>
      <object_component id="oc-10a">
         <name>.text</name>
         <load_address>0x863db</load_address>
         <run_address>0x863db</run_address>
         <size>0x187</size>
         <input_file_ref idref="fl-1a"/>
      </object_component>
      <object_component id="oc-153">
         <name>.text</name>
         <load_address>0x86562</load_address>
         <run_address>0x86562</run_address>
         <size>0x184</size>
         <input_file_ref idref="fl-29"/>
      </object_component>
      <object_component id="oc-2a0">
         <name>.text</name>
         <load_address>0x866e6</load_address>
         <run_address>0x866e6</run_address>
         <size>0x124</size>
         <input_file_ref idref="fl-72"/>
      </object_component>
      <object_component id="oc-2ac">
         <name>.text</name>
         <load_address>0x8680a</load_address>
         <run_address>0x8680a</run_address>
         <size>0x10b</size>
         <input_file_ref idref="fl-71"/>
      </object_component>
      <object_component id="oc-353">
         <name>.text</name>
         <load_address>0x86915</load_address>
         <run_address>0x86915</run_address>
         <size>0xe9</size>
         <input_file_ref idref="fl-73"/>
      </object_component>
      <object_component id="oc-b6">
         <name>.text</name>
         <load_address>0x869fe</load_address>
         <run_address>0x869fe</run_address>
         <size>0xe3</size>
         <input_file_ref idref="fl-25"/>
      </object_component>
      <object_component id="oc-179">
         <name>.text</name>
         <load_address>0x86ae1</load_address>
         <run_address>0x86ae1</run_address>
         <size>0xde</size>
         <input_file_ref idref="fl-59"/>
      </object_component>
      <object_component id="oc-20c">
         <name>.text</name>
         <load_address>0x86bbf</load_address>
         <run_address>0x86bbf</run_address>
         <size>0xce</size>
         <input_file_ref idref="fl-5a"/>
      </object_component>
      <object_component id="oc-1fc">
         <name>.text</name>
         <load_address>0x86c8d</load_address>
         <run_address>0x86c8d</run_address>
         <size>0xcb</size>
         <input_file_ref idref="fl-5b"/>
      </object_component>
      <object_component id="oc-212">
         <name>.text</name>
         <load_address>0x86d58</load_address>
         <run_address>0x86d58</run_address>
         <size>0x9c</size>
         <input_file_ref idref="fl-5d"/>
      </object_component>
      <object_component id="oc-168">
         <name>.text</name>
         <load_address>0x86df4</load_address>
         <run_address>0x86df4</run_address>
         <size>0x8d</size>
         <input_file_ref idref="fl-5"/>
      </object_component>
      <object_component id="oc-171">
         <name>.text</name>
         <load_address>0x86e81</load_address>
         <run_address>0x86e81</run_address>
         <size>0x8b</size>
         <input_file_ref idref="fl-68"/>
      </object_component>
      <object_component id="oc-226">
         <name>.text</name>
         <load_address>0x86f0c</load_address>
         <run_address>0x86f0c</run_address>
         <size>0x83</size>
         <input_file_ref idref="fl-5f"/>
      </object_component>
      <object_component id="oc-a5">
         <name>.text:retain</name>
         <load_address>0x86f8f</load_address>
         <run_address>0x86f8f</run_address>
         <size>0x47</size>
         <input_file_ref idref="fl-4"/>
      </object_component>
      <object_component id="oc-221">
         <name>.text</name>
         <load_address>0x86fd6</load_address>
         <run_address>0x86fd6</run_address>
         <size>0x2a</size>
         <input_file_ref idref="fl-5e"/>
      </object_component>
      <object_component id="oc-104">
         <name>.text</name>
         <load_address>0x87000</load_address>
         <run_address>0x87000</run_address>
         <size>0x7b</size>
         <input_file_ref idref="fl-2c"/>
      </object_component>
      <object_component id="oc-b1">
         <name>.text:retain</name>
         <load_address>0x8707b</load_address>
         <run_address>0x8707b</run_address>
         <size>0x45</size>
         <input_file_ref idref="fl-25"/>
      </object_component>
      <object_component id="oc-8d">
         <name>.text:decompress:lzss</name>
         <load_address>0x870c0</load_address>
         <run_address>0x870c0</run_address>
         <size>0x31</size>
         <input_file_ref idref="fl-45"/>
      </object_component>
      <object_component id="oc-258">
         <name>.text:__TI_auto_init_nobinit_nopinit</name>
         <load_address>0x870f1</load_address>
         <run_address>0x870f1</run_address>
         <size>0x2b</size>
         <input_file_ref idref="fl-6a"/>
      </object_component>
      <object_component id="oc-1d2">
         <name>.text</name>
         <load_address>0x8711c</load_address>
         <run_address>0x8711c</run_address>
         <size>0x29</size>
         <input_file_ref idref="fl-6d"/>
      </object_component>
      <object_component id="oc-377">
         <name>.text</name>
         <load_address>0x87145</load_address>
         <run_address>0x87145</run_address>
         <size>0x25</size>
         <input_file_ref idref="fl-7a"/>
      </object_component>
      <object_component id="oc-17f">
         <name>.text</name>
         <load_address>0x8716a</load_address>
         <run_address>0x8716a</run_address>
         <size>0x23</size>
         <input_file_ref idref="fl-67"/>
      </object_component>
      <object_component id="oc-14e">
         <name>.text</name>
         <load_address>0x8718d</load_address>
         <run_address>0x8718d</run_address>
         <size>0x22</size>
         <input_file_ref idref="fl-64"/>
      </object_component>
      <object_component id="oc-29a">
         <name>.text</name>
         <load_address>0x871af</load_address>
         <run_address>0x871af</run_address>
         <size>0x21</size>
         <input_file_ref idref="fl-62"/>
      </object_component>
      <object_component id="oc-308">
         <name>.text</name>
         <load_address>0x871d0</load_address>
         <run_address>0x871d0</run_address>
         <size>0x1f</size>
         <input_file_ref idref="fl-75"/>
      </object_component>
      <object_component id="oc-d9">
         <name>.text</name>
         <load_address>0x871ef</load_address>
         <run_address>0x871ef</run_address>
         <size>0x1d</size>
         <input_file_ref idref="fl-47"/>
      </object_component>
      <object_component id="oc-1f7">
         <name>.text</name>
         <load_address>0x8720c</load_address>
         <run_address>0x8720c</run_address>
         <size>0x1c</size>
         <input_file_ref idref="fl-66"/>
      </object_component>
      <object_component id="oc-30d">
         <name>.text</name>
         <load_address>0x87228</load_address>
         <run_address>0x87228</run_address>
         <size>0x1c</size>
         <input_file_ref idref="fl-77"/>
      </object_component>
      <object_component id="oc-303">
         <name>.text</name>
         <load_address>0x87244</load_address>
         <run_address>0x87244</run_address>
         <size>0x18</size>
         <input_file_ref idref="fl-76"/>
      </object_component>
      <object_component id="oc-143">
         <name>.text</name>
         <load_address>0x8725c</load_address>
         <run_address>0x8725c</run_address>
         <size>0x17</size>
         <input_file_ref idref="fl-5c"/>
      </object_component>
      <object_component id="oc-22b">
         <name>.text</name>
         <load_address>0x87273</load_address>
         <run_address>0x87273</run_address>
         <size>0xe</size>
         <input_file_ref idref="fl-61"/>
      </object_component>
      <object_component id="oc-1cc">
         <name>.text</name>
         <load_address>0x87281</load_address>
         <run_address>0x87281</run_address>
         <size>0xc</size>
         <input_file_ref idref="fl-6f"/>
      </object_component>
      <object_component id="oc-1f0">
         <name>.text:__relaxed_cosf</name>
         <load_address>0x8728d</load_address>
         <run_address>0x8728d</run_address>
         <size>0xb</size>
         <input_file_ref idref="fl-4"/>
      </object_component>
      <object_component id="oc-1a6">
         <name>.text</name>
         <load_address>0x87298</load_address>
         <run_address>0x87298</run_address>
         <size>0xb</size>
         <input_file_ref idref="fl-65"/>
      </object_component>
      <object_component id="oc-202">
         <name>.text:__relaxed_sqrtf</name>
         <load_address>0x872a3</load_address>
         <run_address>0x872a3</run_address>
         <size>0x9</size>
         <input_file_ref idref="fl-4"/>
      </object_component>
      <object_component id="oc-2eb">
         <name>.text</name>
         <load_address>0x872ac</load_address>
         <run_address>0x872ac</run_address>
         <size>0x9</size>
         <input_file_ref idref="fl-6e"/>
      </object_component>
      <object_component id="oc-2b2">
         <name>.text</name>
         <load_address>0x872b5</load_address>
         <run_address>0x872b5</run_address>
         <size>0x9</size>
         <input_file_ref idref="fl-60"/>
      </object_component>
      <object_component id="oc-ed">
         <name>.text</name>
         <load_address>0x872be</load_address>
         <run_address>0x872be</run_address>
         <size>0x8</size>
         <input_file_ref idref="fl-2b"/>
      </object_component>
      <object_component id="oc-13c">
         <name>.text</name>
         <load_address>0x872c6</load_address>
         <run_address>0x872c6</run_address>
         <size>0x7</size>
         <input_file_ref idref="fl-46"/>
      </object_component>
      <object_component id="oc-e7">
         <name>.text:decompress:ZI</name>
         <load_address>0x872cd</load_address>
         <run_address>0x872cd</run_address>
         <size>0x6</size>
         <input_file_ref idref="fl-41"/>
      </object_component>
      <object_component id="oc-1c5">
         <name>.text</name>
         <load_address>0x872d3</load_address>
         <run_address>0x872d3</run_address>
         <size>0x2</size>
         <input_file_ref idref="fl-69"/>
      </object_component>
      <object_component id="oc-2d1">
         <name>.text</name>
         <load_address>0x872d5</load_address>
         <run_address>0x872d5</run_address>
         <size>0x1</size>
         <input_file_ref idref="fl-79"/>
      </object_component>
      <object_component id="oc-459">
         <name>.cinit..data.load</name>
         <load_address>0x810dc</load_address>
         <run_address>0x810dc</run_address>
         <size>0xfc</size>
      </object_component>
      <object_component id="oc-456">
         <name>__TI_handler_table</name>
         <load_address>0x811d8</load_address>
         <run_address>0x811d8</run_address>
         <size>0x6</size>
      </object_component>
      <object_component id="oc-458">
         <name>.cinit..bss.load</name>
         <load_address>0x811de</load_address>
         <run_address>0x811de</run_address>
         <size>0x4</size>
      </object_component>
      <object_component id="oc-457">
         <name>__TI_cinit_table</name>
         <load_address>0x811e4</load_address>
         <run_address>0x811e4</run_address>
         <size>0x8</size>
      </object_component>
      <object_component id="oc-d6">
         <name>.stack</name>
         <uninitialized>true</uninitialized>
         <run_address>0x400</run_address>
         <size>0x0</size>
         <input_file_ref idref="fl-5c"/>
      </object_component>
      <object_component id="oc-45a">
         <name>.stack</name>
         <uninitialized>true</uninitialized>
         <run_address>0x400</run_address>
         <size>0x0</size>
      </object_component>
      <object_component id="oc-176">
         <name>.bss</name>
         <uninitialized>true</uninitialized>
         <run_address>0xe440</run_address>
         <size>0x16</size>
         <input_file_ref idref="fl-4"/>
      </object_component>
      <object_component id="oc-16e">
         <name>.bss:u</name>
         <uninitialized>true</uninitialized>
         <run_address>0xe418</run_address>
         <size>0x18</size>
         <input_file_ref idref="fl-4"/>
      </object_component>
      <object_component id="oc-f9">
         <name>.bss:data</name>
         <uninitialized>true</uninitialized>
         <run_address>0xe000</run_address>
         <size>0x400</size>
         <input_file_ref idref="fl-4"/>
      </object_component>
      <object_component id="oc-159">
         <name>.bss:fr</name>
         <uninitialized>true</uninitialized>
         <run_address>0xc000</run_address>
         <size>0x800</size>
         <input_file_ref idref="fl-4"/>
      </object_component>
      <object_component id="oc-15c">
         <name>.bss:fi</name>
         <uninitialized>true</uninitialized>
         <run_address>0xb800</run_address>
         <size>0x800</size>
         <input_file_ref idref="fl-4"/>
      </object_component>
      <object_component id="oc-149">
         <name>.bss:pr</name>
         <uninitialized>true</uninitialized>
         <run_address>0xd000</run_address>
         <size>0x800</size>
         <input_file_ref idref="fl-4"/>
      </object_component>
      <object_component id="oc-15f">
         <name>.bss:pi</name>
         <uninitialized>true</uninitialized>
         <run_address>0xc800</run_address>
         <size>0x800</size>
         <input_file_ref idref="fl-4"/>
      </object_component>
      <object_component id="oc-209">
         <name>.bss:sig_d</name>
         <uninitialized>true</uninitialized>
         <run_address>0xd800</run_address>
         <size>0x800</size>
         <input_file_ref idref="fl-27"/>
      </object_component>
      <object_component id="oc-fc">
         <name>.bss</name>
         <uninitialized>true</uninitialized>
         <run_address>0xe400</run_address>
         <size>0x18</size>
         <input_file_ref idref="fl-2c"/>
      </object_component>
      <object_component id="oc-ff">
         <name>.data</name>
         <load_address>0xaaca</load_address>
         <run_address>0xaaca</run_address>
         <size>0x1</size>
         <input_file_ref idref="fl-4"/>
      </object_component>
      <object_component id="oc-1ab">
         <name>.data:Hzk</name>
         <load_address>0xa800</load_address>
         <run_address>0xa800</run_address>
         <size>0x2c0</size>
         <input_file_ref idref="fl-28"/>
      </object_component>
      <object_component id="oc-28a">
         <name>.data</name>
         <load_address>0xaac0</load_address>
         <run_address>0xaac0</run_address>
         <size>0x6</size>
         <input_file_ref idref="fl-6d"/>
      </object_component>
      <object_component id="oc-28d">
         <name>.data:_lock</name>
         <load_address>0xaac6</load_address>
         <run_address>0xaac6</run_address>
         <size>0x2</size>
         <input_file_ref idref="fl-6e"/>
      </object_component>
      <object_component id="oc-333">
         <name>.data:_unlock</name>
         <load_address>0xaac8</load_address>
         <run_address>0xaac8</run_address>
         <size>0x2</size>
         <input_file_ref idref="fl-6e"/>
      </object_component>
      <object_component id="oc-230">
         <name>.data</name>
         <load_address>0xaacb</load_address>
         <run_address>0xaacb</run_address>
         <size>0x1</size>
         <input_file_ref idref="fl-70"/>
      </object_component>
      <object_component id="oc-1a0">
         <name>.const:.string:F8X16</name>
         <load_address>0x84000</load_address>
         <run_address>0x84000</run_address>
         <size>0x5f0</size>
         <input_file_ref idref="fl-28"/>
      </object_component>
      <object_component id="oc-1a3">
         <name>.const:F6x8</name>
         <load_address>0x845f0</load_address>
         <run_address>0x845f0</run_address>
         <size>0x228</size>
         <input_file_ref idref="fl-28"/>
      </object_component>
      <object_component id="oc-359">
         <name>.const:PIo2</name>
         <load_address>0x84818</load_address>
         <run_address>0x84818</run_address>
         <size>0x20</size>
         <input_file_ref idref="fl-6c"/>
      </object_component>
      <object_component id="oc-344">
         <name>.const:init_jk</name>
         <load_address>0x84838</load_address>
         <run_address>0x84838</run_address>
         <size>0x4</size>
         <input_file_ref idref="fl-6c"/>
      </object_component>
      <object_component id="oc-2bb">
         <name>.const</name>
         <load_address>0x8483c</load_address>
         <run_address>0x8483c</run_address>
         <size>0x4</size>
         <input_file_ref idref="fl-5a"/>
      </object_component>
      <object_component id="oc-d3">
         <name>.const</name>
         <load_address>0x84840</load_address>
         <run_address>0x84840</run_address>
         <size>0x1c0</size>
         <input_file_ref idref="fl-34"/>
      </object_component>
      <object_component id="oc-347">
         <name>.const:ipio2</name>
         <load_address>0x84a00</load_address>
         <run_address>0x84a00</run_address>
         <size>0x84</size>
         <input_file_ref idref="fl-6c"/>
      </object_component>
      <object_component id="oc-31d">
         <name>.const</name>
         <load_address>0x84a84</load_address>
         <run_address>0x84a84</run_address>
         <size>0x3c</size>
         <input_file_ref idref="fl-71"/>
      </object_component>
      <object_component id="oc-312">
         <name>.const</name>
         <load_address>0x84ac0</load_address>
         <run_address>0x84ac0</run_address>
         <size>0x64</size>
         <input_file_ref idref="fl-6b"/>
      </object_component>
      <object_component id="oc-14d">
         <name>.const:.string</name>
         <load_address>0x84b24</load_address>
         <run_address>0x84b24</run_address>
         <size>0x49</size>
         <input_file_ref idref="fl-4"/>
      </object_component>
      <object_component id="oc-220">
         <name>.const</name>
         <load_address>0x84b6e</load_address>
         <run_address>0x84b6e</run_address>
         <size>0xc</size>
         <input_file_ref idref="fl-59"/>
      </object_component>
      <object_component id="oc-29f">
         <name>.const</name>
         <load_address>0x84b7a</load_address>
         <run_address>0x84b7a</run_address>
         <size>0x4</size>
         <input_file_ref idref="fl-5b"/>
      </object_component>
      <object_component id="oc-2fe">
         <name>.const</name>
         <load_address>0x84b80</load_address>
         <run_address>0x84b80</run_address>
         <size>0x38</size>
         <input_file_ref idref="fl-72"/>
      </object_component>
      <object_component id="oc-34a">
         <name>.const</name>
         <load_address>0x84bc0</load_address>
         <run_address>0x84bc0</run_address>
         <size>0x2c</size>
         <input_file_ref idref="fl-6c"/>
      </object_component>
      <object_component id="oc-37f">
         <name>.const</name>
         <load_address>0x84bec</load_address>
         <run_address>0x84bec</run_address>
         <size>0xc</size>
         <input_file_ref idref="fl-73"/>
      </object_component>
      <object_component id="oc-374">
         <name>.const</name>
         <load_address>0x84c00</load_address>
         <run_address>0x84c00</run_address>
         <size>0x1c</size>
         <input_file_ref idref="fl-74"/>
      </object_component>
      <object_component id="oc-1dc">
         <name>.TI.ramfunc</name>
         <load_address>0x81000</load_address>
         <run_address>0x8000</run_address>
         <size>0xd5</size>
         <input_file_ref idref="fl-14"/>
      </object_component>
      <object_component id="oc-14c">
         <name>.TI.ramfunc</name>
         <load_address>0x810d5</load_address>
         <run_address>0x80d5</run_address>
         <size>0x4</size>
         <input_file_ref idref="fl-22"/>
      </object_component>
      <object_component id="oc-110">
         <name>PieVectTableFile</name>
         <uninitialized>true</uninitialized>
         <run_address>0xd00</run_address>
         <size>0x1c0</size>
         <input_file_ref idref="fl-31"/>
      </object_component>
      <object_component id="oc-18f">
         <name>CpuTimer0RegsFile</name>
         <uninitialized>true</uninitialized>
         <run_address>0xc00</run_address>
         <size>0x8</size>
         <input_file_ref idref="fl-31"/>
      </object_component>
      <object_component id="oc-113">
         <name>CpuTimer1RegsFile</name>
         <uninitialized>true</uninitialized>
         <run_address>0xc08</run_address>
         <size>0x8</size>
         <input_file_ref idref="fl-31"/>
      </object_component>
      <object_component id="oc-192">
         <name>CpuTimer2RegsFile</name>
         <uninitialized>true</uninitialized>
         <run_address>0xc10</run_address>
         <size>0x8</size>
         <input_file_ref idref="fl-31"/>
      </object_component>
      <object_component id="oc-103">
         <name>.debug_types</name>
         <load_address>0x0</load_address>
         <run_address>0x0</run_address>
         <size>0x1623</size>
         <input_file_ref idref="fl-4"/>
      </object_component>
      <object_component id="oc-21a">
         <name>.debug_types</name>
         <load_address>0x1623</load_address>
         <run_address>0x1623</run_address>
         <size>0x126</size>
         <input_file_ref idref="fl-5"/>
      </object_component>
      <object_component id="oc-293">
         <name>.debug_types</name>
         <load_address>0x1749</load_address>
         <run_address>0x1749</run_address>
         <size>0x1e9</size>
         <input_file_ref idref="fl-14"/>
      </object_component>
      <object_component id="oc-1b4">
         <name>.debug_types</name>
         <load_address>0x1932</load_address>
         <run_address>0x1932</run_address>
         <size>0x5a1</size>
         <input_file_ref idref="fl-16"/>
      </object_component>
      <object_component id="oc-197">
         <name>.debug_types</name>
         <load_address>0x0</load_address>
         <run_address>0x0</run_address>
         <size>0x0</size>
         <input_file_ref idref="fl-1a"/>
      </object_component>
      <object_component id="oc-1b6">
         <name>.debug_types</name>
         <load_address>0x1ed3</load_address>
         <run_address>0x1ed3</run_address>
         <size>0x371</size>
         <input_file_ref idref="fl-1f"/>
      </object_component>
      <object_component id="oc-295">
         <name>.debug_types</name>
         <load_address>0x2244</load_address>
         <run_address>0x2244</run_address>
         <size>0xaaf</size>
         <input_file_ref idref="fl-22"/>
      </object_component>
      <object_component id="oc-11f">
         <name>.debug_types</name>
         <load_address>0x2cf3</load_address>
         <run_address>0x2cf3</run_address>
         <size>0x4d</size>
         <input_file_ref idref="fl-25"/>
      </object_component>
      <object_component id="oc-117">
         <name>.debug_types</name>
         <load_address>0x2d40</load_address>
         <run_address>0x2d40</run_address>
         <size>0x1cd8</size>
         <input_file_ref idref="fl-26"/>
      </object_component>
      <object_component id="oc-218">
         <name>.debug_types</name>
         <load_address>0x4a18</load_address>
         <run_address>0x4a18</run_address>
         <size>0x2f</size>
         <input_file_ref idref="fl-27"/>
      </object_component>
      <object_component id="oc-1af">
         <name>.debug_types</name>
         <load_address>0x4a47</load_address>
         <run_address>0x4a47</run_address>
         <size>0x131</size>
         <input_file_ref idref="fl-28"/>
      </object_component>
      <object_component id="oc-1e9">
         <name>.debug_types</name>
         <load_address>0x4b78</load_address>
         <run_address>0x4b78</run_address>
         <size>0x22c</size>
         <input_file_ref idref="fl-29"/>
      </object_component>
      <object_component id="oc-189">
         <name>.debug_types</name>
         <load_address>0x0</load_address>
         <run_address>0x0</run_address>
         <size>0x0</size>
         <input_file_ref idref="fl-2c"/>
      </object_component>
      <object_component id="oc-12e">
         <name>.debug_types</name>
         <load_address>0x0</load_address>
         <run_address>0x0</run_address>
         <size>0x0</size>
         <input_file_ref idref="fl-2f"/>
      </object_component>
      <object_component id="oc-19a">
         <name>.debug_types</name>
         <load_address>0x4da4</load_address>
         <run_address>0x4da4</run_address>
         <size>0x5c5bc</size>
         <input_file_ref idref="fl-31"/>
      </object_component>
      <object_component id="oc-131">
         <name>.debug_types</name>
         <load_address>0x61360</load_address>
         <run_address>0x61360</run_address>
         <size>0x5a</size>
         <input_file_ref idref="fl-34"/>
      </object_component>
      <object_component id="oc-13b">
         <name>.debug_types</name>
         <load_address>0x613ba</load_address>
         <run_address>0x613ba</run_address>
         <size>0x199</size>
         <input_file_ref idref="fl-41"/>
      </object_component>
      <object_component id="oc-e0">
         <name>.debug_types</name>
         <load_address>0x0</load_address>
         <run_address>0x0</run_address>
         <size>0x0</size>
         <input_file_ref idref="fl-44"/>
      </object_component>
      <object_component id="oc-d8">
         <name>.debug_types</name>
         <load_address>0x61553</load_address>
         <run_address>0x61553</run_address>
         <size>0x191</size>
         <input_file_ref idref="fl-45"/>
      </object_component>
      <object_component id="oc-1c4">
         <name>.debug_types</name>
         <load_address>0x616e4</load_address>
         <run_address>0x616e4</run_address>
         <size>0x2f</size>
         <input_file_ref idref="fl-46"/>
      </object_component>
      <object_component id="oc-136">
         <name>.debug_types</name>
         <load_address>0x61713</load_address>
         <run_address>0x61713</run_address>
         <size>0x89</size>
         <input_file_ref idref="fl-47"/>
      </object_component>
      <object_component id="oc-234">
         <name>.debug_types</name>
         <load_address>0x6179c</load_address>
         <run_address>0x6179c</run_address>
         <size>0x8d</size>
         <input_file_ref idref="fl-59"/>
      </object_component>
      <object_component id="oc-2bd">
         <name>.debug_types</name>
         <load_address>0x61829</load_address>
         <run_address>0x61829</run_address>
         <size>0x32</size>
         <input_file_ref idref="fl-5a"/>
      </object_component>
      <object_component id="oc-2b8">
         <name>.debug_types</name>
         <load_address>0x0</load_address>
         <run_address>0x0</run_address>
         <size>0x0</size>
         <input_file_ref idref="fl-5b"/>
      </object_component>
      <object_component id="oc-257">
         <name>.debug_types</name>
         <load_address>0x0</load_address>
         <run_address>0x0</run_address>
         <size>0x0</size>
         <input_file_ref idref="fl-69"/>
      </object_component>
      <object_component id="oc-2d8">
         <name>.debug_types</name>
         <load_address>0x6185b</load_address>
         <run_address>0x6185b</run_address>
         <size>0x4ca</size>
         <input_file_ref idref="fl-6a"/>
      </object_component>
      <object_component id="oc-31c">
         <name>.debug_types</name>
         <load_address>0x61d25</load_address>
         <run_address>0x61d25</run_address>
         <size>0xcb</size>
         <input_file_ref idref="fl-6b"/>
      </object_component>
      <object_component id="oc-35d">
         <name>.debug_types</name>
         <load_address>0x61df0</load_address>
         <run_address>0x61df0</run_address>
         <size>0x158</size>
         <input_file_ref idref="fl-6c"/>
      </object_component>
      <object_component id="oc-291">
         <name>.debug_types</name>
         <load_address>0x61f48</load_address>
         <run_address>0x61f48</run_address>
         <size>0x90</size>
         <input_file_ref idref="fl-6d"/>
      </object_component>
      <object_component id="oc-2f3">
         <name>.debug_types</name>
         <load_address>0x61fd8</load_address>
         <run_address>0x61fd8</run_address>
         <size>0x2f</size>
         <input_file_ref idref="fl-6e"/>
      </object_component>
      <object_component id="oc-289">
         <name>.debug_types</name>
         <load_address>0x62007</load_address>
         <run_address>0x62007</run_address>
         <size>0xe1</size>
         <input_file_ref idref="fl-6f"/>
      </object_component>
      <object_component id="oc-2ca">
         <name>.debug_types</name>
         <load_address>0x0</load_address>
         <run_address>0x0</run_address>
         <size>0x0</size>
         <input_file_ref idref="fl-70"/>
      </object_component>
      <object_component id="oc-321">
         <name>.debug_types</name>
         <load_address>0x0</load_address>
         <run_address>0x0</run_address>
         <size>0x0</size>
         <input_file_ref idref="fl-71"/>
      </object_component>
      <object_component id="oc-302">
         <name>.debug_types</name>
         <load_address>0x0</load_address>
         <run_address>0x0</run_address>
         <size>0x0</size>
         <input_file_ref idref="fl-72"/>
      </object_component>
      <object_component id="oc-383">
         <name>.debug_types</name>
         <load_address>0x0</load_address>
         <run_address>0x0</run_address>
         <size>0x0</size>
         <input_file_ref idref="fl-73"/>
      </object_component>
      <object_component id="oc-37e">
         <name>.debug_types</name>
         <load_address>0x0</load_address>
         <run_address>0x0</run_address>
         <size>0x0</size>
         <input_file_ref idref="fl-74"/>
      </object_component>
      <object_component id="oc-32d">
         <name>.debug_types</name>
         <load_address>0x0</load_address>
         <run_address>0x0</run_address>
         <size>0x0</size>
         <input_file_ref idref="fl-79"/>
      </object_component>
      <object_component id="oc-38c">
         <name>.debug_types</name>
         <load_address>0x0</load_address>
         <run_address>0x0</run_address>
         <size>0x0</size>
         <input_file_ref idref="fl-7a"/>
      </object_component>
      <object_component id="oc-100">
         <name>.debug_info</name>
         <load_address>0x0</load_address>
         <run_address>0x0</run_address>
         <size>0xbc</size>
         <input_file_ref idref="fl-4"/>
      </object_component>
      <object_component id="oc-177">
         <name>.debug_info</name>
         <load_address>0xbc</load_address>
         <run_address>0xbc</run_address>
         <size>0x18a</size>
         <input_file_ref idref="fl-4"/>
      </object_component>
      <object_component id="oc-16f">
         <name>.debug_info</name>
         <load_address>0x246</load_address>
         <run_address>0x246</run_address>
         <size>0xb8</size>
         <input_file_ref idref="fl-4"/>
      </object_component>
      <object_component id="oc-fa">
         <name>.debug_info</name>
         <load_address>0x2fe</load_address>
         <run_address>0x2fe</run_address>
         <size>0xbe</size>
         <input_file_ref idref="fl-4"/>
      </object_component>
      <object_component id="oc-15a">
         <name>.debug_info</name>
         <load_address>0x3bc</load_address>
         <run_address>0x3bc</run_address>
         <size>0xba</size>
         <input_file_ref idref="fl-4"/>
      </object_component>
      <object_component id="oc-15d">
         <name>.debug_info</name>
         <load_address>0x476</load_address>
         <run_address>0x476</run_address>
         <size>0xba</size>
         <input_file_ref idref="fl-4"/>
      </object_component>
      <object_component id="oc-14a">
         <name>.debug_info</name>
         <load_address>0x530</load_address>
         <run_address>0x530</run_address>
         <size>0xba</size>
         <input_file_ref idref="fl-4"/>
      </object_component>
      <object_component id="oc-160">
         <name>.debug_info</name>
         <load_address>0x5ea</load_address>
         <run_address>0x5ea</run_address>
         <size>0xba</size>
         <input_file_ref idref="fl-4"/>
      </object_component>
      <object_component id="oc-f4">
         <name>.debug_info</name>
         <load_address>0x6a4</load_address>
         <run_address>0x6a4</run_address>
         <size>0x1b61</size>
         <input_file_ref idref="fl-4"/>
      </object_component>
      <object_component id="oc-203">
         <name>.debug_info</name>
         <load_address>0x2205</load_address>
         <run_address>0x2205</run_address>
         <size>0x154</size>
         <input_file_ref idref="fl-4"/>
      </object_component>
      <object_component id="oc-1f1">
         <name>.debug_info</name>
         <load_address>0x2359</load_address>
         <run_address>0x2359</run_address>
         <size>0x152</size>
         <input_file_ref idref="fl-4"/>
      </object_component>
      <object_component id="oc-a6">
         <name>.debug_info</name>
         <load_address>0x24ab</load_address>
         <run_address>0x24ab</run_address>
         <size>0x10e</size>
         <input_file_ref idref="fl-4"/>
      </object_component>
      <object_component id="oc-169">
         <name>.debug_info</name>
         <load_address>0x25b9</load_address>
         <run_address>0x25b9</run_address>
         <size>0x2ab</size>
         <input_file_ref idref="fl-5"/>
      </object_component>
      <object_component id="oc-1e0">
         <name>.debug_info</name>
         <load_address>0x2864</load_address>
         <run_address>0x2864</run_address>
         <size>0x92c</size>
         <input_file_ref idref="fl-14"/>
      </object_component>
      <object_component id="oc-122">
         <name>.debug_info</name>
         <load_address>0x3190</load_address>
         <run_address>0x3190</run_address>
         <size>0x9e6</size>
         <input_file_ref idref="fl-16"/>
      </object_component>
      <object_component id="oc-10c">
         <name>.debug_info</name>
         <load_address>0x3b76</load_address>
         <run_address>0x3b76</run_address>
         <size>0x6f0</size>
         <input_file_ref idref="fl-1a"/>
      </object_component>
      <object_component id="oc-129">
         <name>.debug_info</name>
         <load_address>0x4266</load_address>
         <run_address>0x4266</run_address>
         <size>0xaae</size>
         <input_file_ref idref="fl-1f"/>
      </object_component>
      <object_component id="oc-1e4">
         <name>.debug_info</name>
         <load_address>0x4d14</load_address>
         <run_address>0x4d14</run_address>
         <size>0x12f5</size>
         <input_file_ref idref="fl-22"/>
      </object_component>
      <object_component id="oc-ba">
         <name>.debug_info</name>
         <load_address>0x6009</load_address>
         <run_address>0x6009</run_address>
         <size>0x8f6</size>
         <input_file_ref idref="fl-25"/>
      </object_component>
      <object_component id="oc-b3">
         <name>.debug_info</name>
         <load_address>0x68ff</load_address>
         <run_address>0x68ff</run_address>
         <size>0x199</size>
         <input_file_ref idref="fl-25"/>
      </object_component>
      <object_component id="oc-ad">
         <name>.debug_info</name>
         <load_address>0x6a98</load_address>
         <run_address>0x6a98</run_address>
         <size>0x134</size>
         <input_file_ref idref="fl-26"/>
      </object_component>
      <object_component id="oc-20a">
         <name>.debug_info</name>
         <load_address>0x6bcc</load_address>
         <run_address>0x6bcc</run_address>
         <size>0xc8</size>
         <input_file_ref idref="fl-27"/>
      </object_component>
      <object_component id="oc-164">
         <name>.debug_info</name>
         <load_address>0x6c94</load_address>
         <run_address>0x6c94</run_address>
         <size>0x489</size>
         <input_file_ref idref="fl-27"/>
      </object_component>
      <object_component id="oc-1a4">
         <name>.debug_info</name>
         <load_address>0x711d</load_address>
         <run_address>0x711d</run_address>
         <size>0xc7</size>
         <input_file_ref idref="fl-28"/>
      </object_component>
      <object_component id="oc-1ac">
         <name>.debug_info</name>
         <load_address>0x71e4</load_address>
         <run_address>0x71e4</run_address>
         <size>0xc5</size>
         <input_file_ref idref="fl-28"/>
      </object_component>
      <object_component id="oc-1a1">
         <name>.debug_info</name>
         <load_address>0x72a9</load_address>
         <run_address>0x72a9</run_address>
         <size>0xc9</size>
         <input_file_ref idref="fl-28"/>
      </object_component>
      <object_component id="oc-11a">
         <name>.debug_info</name>
         <load_address>0x7372</load_address>
         <run_address>0x7372</run_address>
         <size>0x1347</size>
         <input_file_ref idref="fl-28"/>
      </object_component>
      <object_component id="oc-154">
         <name>.debug_info</name>
         <load_address>0x86b9</load_address>
         <run_address>0x86b9</run_address>
         <size>0xd9e</size>
         <input_file_ref idref="fl-29"/>
      </object_component>
      <object_component id="oc-9b">
         <name>.debug_info</name>
         <load_address>0x9457</load_address>
         <run_address>0x9457</run_address>
         <size>0xf2</size>
         <input_file_ref idref="fl-2b"/>
      </object_component>
      <object_component id="oc-ee">
         <name>.debug_info</name>
         <load_address>0x9549</load_address>
         <run_address>0x9549</run_address>
         <size>0xf3</size>
         <input_file_ref idref="fl-2b"/>
      </object_component>
      <object_component id="oc-fd">
         <name>.debug_info</name>
         <load_address>0x963c</load_address>
         <run_address>0x963c</run_address>
         <size>0x128</size>
         <input_file_ref idref="fl-2c"/>
      </object_component>
      <object_component id="oc-107">
         <name>.debug_info</name>
         <load_address>0x9764</load_address>
         <run_address>0x9764</run_address>
         <size>0x1e2</size>
         <input_file_ref idref="fl-2c"/>
      </object_component>
      <object_component id="oc-ce">
         <name>.debug_info</name>
         <load_address>0x9946</load_address>
         <run_address>0x9946</run_address>
         <size>0x2216</size>
         <input_file_ref idref="fl-2f"/>
      </object_component>
      <object_component id="oc-190">
         <name>.debug_info</name>
         <load_address>0xbb5c</load_address>
         <run_address>0xbb5c</run_address>
         <size>0xed</size>
         <input_file_ref idref="fl-31"/>
      </object_component>
      <object_component id="oc-114">
         <name>.debug_info</name>
         <load_address>0xbc49</load_address>
         <run_address>0xbc49</run_address>
         <size>0xed</size>
         <input_file_ref idref="fl-31"/>
      </object_component>
      <object_component id="oc-193">
         <name>.debug_info</name>
         <load_address>0xbd36</load_address>
         <run_address>0xbd36</run_address>
         <size>0xed</size>
         <input_file_ref idref="fl-31"/>
      </object_component>
      <object_component id="oc-111">
         <name>.debug_info</name>
         <load_address>0xbe23</load_address>
         <run_address>0xbe23</run_address>
         <size>0xeb</size>
         <input_file_ref idref="fl-31"/>
      </object_component>
      <object_component id="oc-d4">
         <name>.debug_info</name>
         <load_address>0xbf0e</load_address>
         <run_address>0xbf0e</run_address>
         <size>0xe8</size>
         <input_file_ref idref="fl-34"/>
      </object_component>
      <object_component id="oc-e9">
         <name>.debug_info</name>
         <load_address>0xbff6</load_address>
         <run_address>0xbff6</run_address>
         <size>0x19f</size>
         <input_file_ref idref="fl-41"/>
      </object_component>
      <object_component id="oc-95">
         <name>.debug_info</name>
         <load_address>0xc195</load_address>
         <run_address>0xc195</run_address>
         <size>0x1b7</size>
         <input_file_ref idref="fl-44"/>
      </object_component>
      <object_component id="oc-8e">
         <name>.debug_info</name>
         <load_address>0xc34c</load_address>
         <run_address>0xc34c</run_address>
         <size>0x20c</size>
         <input_file_ref idref="fl-45"/>
      </object_component>
      <object_component id="oc-140">
         <name>.debug_info</name>
         <load_address>0xc558</load_address>
         <run_address>0xc558</run_address>
         <size>0x208</size>
         <input_file_ref idref="fl-46"/>
      </object_component>
      <object_component id="oc-da">
         <name>.debug_info</name>
         <load_address>0xc760</load_address>
         <run_address>0xc760</run_address>
         <size>0x19b</size>
         <input_file_ref idref="fl-47"/>
      </object_component>
      <object_component id="oc-17d">
         <name>.debug_info</name>
         <load_address>0xc8fb</load_address>
         <run_address>0xc8fb</run_address>
         <size>0x2f5</size>
         <input_file_ref idref="fl-59"/>
      </object_component>
      <object_component id="oc-20e">
         <name>.debug_info</name>
         <load_address>0xcbf0</load_address>
         <run_address>0xcbf0</run_address>
         <size>0x238</size>
         <input_file_ref idref="fl-5a"/>
      </object_component>
      <object_component id="oc-1fd">
         <name>.debug_info</name>
         <load_address>0xce28</load_address>
         <run_address>0xce28</run_address>
         <size>0x238</size>
         <input_file_ref idref="fl-5b"/>
      </object_component>
      <object_component id="oc-145">
         <name>.debug_info</name>
         <load_address>0xd060</load_address>
         <run_address>0xd060</run_address>
         <size>0x158</size>
         <input_file_ref idref="fl-5c"/>
      </object_component>
      <object_component id="oc-215">
         <name>.debug_info</name>
         <load_address>0xd1b8</load_address>
         <run_address>0xd1b8</run_address>
         <size>0x127</size>
         <input_file_ref idref="fl-5d"/>
      </object_component>
      <object_component id="oc-224">
         <name>.debug_info</name>
         <load_address>0xd2df</load_address>
         <run_address>0xd2df</run_address>
         <size>0x131</size>
         <input_file_ref idref="fl-5e"/>
      </object_component>
      <object_component id="oc-227">
         <name>.debug_info</name>
         <load_address>0xd410</load_address>
         <run_address>0xd410</run_address>
         <size>0x127</size>
         <input_file_ref idref="fl-5f"/>
      </object_component>
      <object_component id="oc-2b4">
         <name>.debug_info</name>
         <load_address>0xd537</load_address>
         <run_address>0xd537</run_address>
         <size>0x127</size>
         <input_file_ref idref="fl-60"/>
      </object_component>
      <object_component id="oc-22c">
         <name>.debug_info</name>
         <load_address>0xd65e</load_address>
         <run_address>0xd65e</run_address>
         <size>0x13b</size>
         <input_file_ref idref="fl-61"/>
      </object_component>
      <object_component id="oc-29d">
         <name>.debug_info</name>
         <load_address>0xd799</load_address>
         <run_address>0xd799</run_address>
         <size>0x127</size>
         <input_file_ref idref="fl-62"/>
      </object_component>
      <object_component id="oc-151">
         <name>.debug_info</name>
         <load_address>0xd8c0</load_address>
         <run_address>0xd8c0</run_address>
         <size>0x163</size>
         <input_file_ref idref="fl-64"/>
      </object_component>
      <object_component id="oc-1a9">
         <name>.debug_info</name>
         <load_address>0xda23</load_address>
         <run_address>0xda23</run_address>
         <size>0x163</size>
         <input_file_ref idref="fl-65"/>
      </object_component>
      <object_component id="oc-1fa">
         <name>.debug_info</name>
         <load_address>0xdb86</load_address>
         <run_address>0xdb86</run_address>
         <size>0x12b</size>
         <input_file_ref idref="fl-66"/>
      </object_component>
      <object_component id="oc-180">
         <name>.debug_info</name>
         <load_address>0xdcb1</load_address>
         <run_address>0xdcb1</run_address>
         <size>0x12b</size>
         <input_file_ref idref="fl-67"/>
      </object_component>
      <object_component id="oc-173">
         <name>.debug_info</name>
         <load_address>0xdddc</load_address>
         <run_address>0xdddc</run_address>
         <size>0x127</size>
         <input_file_ref idref="fl-68"/>
      </object_component>
      <object_component id="oc-1c9">
         <name>.debug_info</name>
         <load_address>0xdf03</load_address>
         <run_address>0xdf03</run_address>
         <size>0x14d</size>
         <input_file_ref idref="fl-69"/>
      </object_component>
      <object_component id="oc-25b">
         <name>.debug_info</name>
         <load_address>0xe050</load_address>
         <run_address>0xe050</run_address>
         <size>0x1bf</size>
         <input_file_ref idref="fl-6a"/>
      </object_component>
      <object_component id="oc-313">
         <name>.debug_info</name>
         <load_address>0xe20f</load_address>
         <run_address>0xe20f</run_address>
         <size>0x210</size>
         <input_file_ref idref="fl-6b"/>
      </object_component>
      <object_component id="oc-2a9">
         <name>.debug_info</name>
         <load_address>0xe41f</load_address>
         <run_address>0xe41f</run_address>
         <size>0x76d</size>
         <input_file_ref idref="fl-6b"/>
      </object_component>
      <object_component id="oc-345">
         <name>.debug_info</name>
         <load_address>0xeb8c</load_address>
         <run_address>0xeb8c</run_address>
         <size>0x110</size>
         <input_file_ref idref="fl-6c"/>
      </object_component>
      <object_component id="oc-34b">
         <name>.debug_info</name>
         <load_address>0xec9c</load_address>
         <run_address>0xec9c</run_address>
         <size>0x166</size>
         <input_file_ref idref="fl-6c"/>
      </object_component>
      <object_component id="oc-35a">
         <name>.debug_info</name>
         <load_address>0xee02</load_address>
         <run_address>0xee02</run_address>
         <size>0x10b</size>
         <input_file_ref idref="fl-6c"/>
      </object_component>
      <object_component id="oc-348">
         <name>.debug_info</name>
         <load_address>0xef0d</load_address>
         <run_address>0xef0d</run_address>
         <size>0x10c</size>
         <input_file_ref idref="fl-6c"/>
      </object_component>
      <object_component id="oc-316">
         <name>.debug_info</name>
         <load_address>0xf019</load_address>
         <run_address>0xf019</run_address>
         <size>0x823</size>
         <input_file_ref idref="fl-6c"/>
      </object_component>
      <object_component id="oc-28b">
         <name>.debug_info</name>
         <load_address>0xf83c</load_address>
         <run_address>0xf83c</run_address>
         <size>0x19e</size>
         <input_file_ref idref="fl-6d"/>
      </object_component>
      <object_component id="oc-1d3">
         <name>.debug_info</name>
         <load_address>0xf9da</load_address>
         <run_address>0xf9da</run_address>
         <size>0x1a9</size>
         <input_file_ref idref="fl-6d"/>
      </object_component>
      <object_component id="oc-28e">
         <name>.debug_info</name>
         <load_address>0xfb83</load_address>
         <run_address>0xfb83</run_address>
         <size>0x107</size>
         <input_file_ref idref="fl-6e"/>
      </object_component>
      <object_component id="oc-334">
         <name>.debug_info</name>
         <load_address>0xfc8a</load_address>
         <run_address>0xfc8a</run_address>
         <size>0x10b</size>
         <input_file_ref idref="fl-6e"/>
      </object_component>
      <object_component id="oc-2ee">
         <name>.debug_info</name>
         <load_address>0xfd95</load_address>
         <run_address>0xfd95</run_address>
         <size>0x203</size>
         <input_file_ref idref="fl-6e"/>
      </object_component>
      <object_component id="oc-1d0">
         <name>.debug_info</name>
         <load_address>0xff98</load_address>
         <run_address>0xff98</run_address>
         <size>0x15d</size>
         <input_file_ref idref="fl-6f"/>
      </object_component>
      <object_component id="oc-231">
         <name>.debug_info</name>
         <load_address>0x100f5</load_address>
         <run_address>0x100f5</run_address>
         <size>0x106</size>
         <input_file_ref idref="fl-70"/>
      </object_component>
      <object_component id="oc-31e">
         <name>.debug_info</name>
         <load_address>0x101fb</load_address>
         <run_address>0x101fb</run_address>
         <size>0x193</size>
         <input_file_ref idref="fl-71"/>
      </object_component>
      <object_component id="oc-2ad">
         <name>.debug_info</name>
         <load_address>0x1038e</load_address>
         <run_address>0x1038e</run_address>
         <size>0x352</size>
         <input_file_ref idref="fl-71"/>
      </object_component>
      <object_component id="oc-2ff">
         <name>.debug_info</name>
         <load_address>0x106e0</load_address>
         <run_address>0x106e0</run_address>
         <size>0x195</size>
         <input_file_ref idref="fl-72"/>
      </object_component>
      <object_component id="oc-2a1">
         <name>.debug_info</name>
         <load_address>0x10875</load_address>
         <run_address>0x10875</run_address>
         <size>0x3a9</size>
         <input_file_ref idref="fl-72"/>
      </object_component>
      <object_component id="oc-380">
         <name>.debug_info</name>
         <load_address>0x10c1e</load_address>
         <run_address>0x10c1e</run_address>
         <size>0x107</size>
         <input_file_ref idref="fl-73"/>
      </object_component>
      <object_component id="oc-357">
         <name>.debug_info</name>
         <load_address>0x10d25</load_address>
         <run_address>0x10d25</run_address>
         <size>0x235</size>
         <input_file_ref idref="fl-73"/>
      </object_component>
      <object_component id="oc-375">
         <name>.debug_info</name>
         <load_address>0x10f5a</load_address>
         <run_address>0x10f5a</run_address>
         <size>0x146</size>
         <input_file_ref idref="fl-74"/>
      </object_component>
      <object_component id="oc-34f">
         <name>.debug_info</name>
         <load_address>0x110a0</load_address>
         <run_address>0x110a0</run_address>
         <size>0x208</size>
         <input_file_ref idref="fl-74"/>
      </object_component>
      <object_component id="oc-30b">
         <name>.debug_info</name>
         <load_address>0x112a8</load_address>
         <run_address>0x112a8</run_address>
         <size>0x127</size>
         <input_file_ref idref="fl-75"/>
      </object_component>
      <object_component id="oc-304">
         <name>.debug_info</name>
         <load_address>0x113cf</load_address>
         <run_address>0x113cf</run_address>
         <size>0x1a5</size>
         <input_file_ref idref="fl-76"/>
      </object_component>
      <object_component id="oc-30e">
         <name>.debug_info</name>
         <load_address>0x11574</load_address>
         <run_address>0x11574</run_address>
         <size>0x12b</size>
         <input_file_ref idref="fl-77"/>
      </object_component>
      <object_component id="oc-2d4">
         <name>.debug_info</name>
         <load_address>0x1169f</load_address>
         <run_address>0x1169f</run_address>
         <size>0x147</size>
         <input_file_ref idref="fl-79"/>
      </object_component>
      <object_component id="oc-378">
         <name>.debug_info</name>
         <load_address>0x117e6</load_address>
         <run_address>0x117e6</run_address>
         <size>0x189</size>
         <input_file_ref idref="fl-7a"/>
      </object_component>
      <object_component id="oc-45f">
         <name>.debug_info</name>
         <load_address>0x1196f</load_address>
         <run_address>0x1196f</run_address>
         <size>0x92</size>
      </object_component>
      <object_component id="oc-18b">
         <name>.debug_line</name>
         <load_address>0x0</load_address>
         <run_address>0x0</run_address>
         <size>0x2e</size>
         <input_file_ref idref="fl-4"/>
      </object_component>
      <object_component id="oc-21f">
         <name>.debug_line</name>
         <load_address>0x2e</load_address>
         <run_address>0x2e</run_address>
         <size>0x2e</size>
         <input_file_ref idref="fl-4"/>
      </object_component>
      <object_component id="oc-21c">
         <name>.debug_line</name>
         <load_address>0x5c</load_address>
         <run_address>0x5c</run_address>
         <size>0x2e</size>
         <input_file_ref idref="fl-4"/>
      </object_component>
      <object_component id="oc-186">
         <name>.debug_line</name>
         <load_address>0x8a</load_address>
         <run_address>0x8a</run_address>
         <size>0x2e</size>
         <input_file_ref idref="fl-4"/>
      </object_component>
      <object_component id="oc-1eb">
         <name>.debug_line</name>
         <load_address>0xb8</load_address>
         <run_address>0xb8</run_address>
         <size>0x2e</size>
         <input_file_ref idref="fl-4"/>
      </object_component>
      <object_component id="oc-1ed">
         <name>.debug_line</name>
         <load_address>0xe6</load_address>
         <run_address>0xe6</run_address>
         <size>0x2e</size>
         <input_file_ref idref="fl-4"/>
      </object_component>
      <object_component id="oc-1da">
         <name>.debug_line</name>
         <load_address>0x114</load_address>
         <run_address>0x114</run_address>
         <size>0x2e</size>
         <input_file_ref idref="fl-4"/>
      </object_component>
      <object_component id="oc-1ef">
         <name>.debug_line</name>
         <load_address>0x142</load_address>
         <run_address>0x142</run_address>
         <size>0x2e</size>
         <input_file_ref idref="fl-4"/>
      </object_component>
      <object_component id="oc-f7">
         <name>.debug_line</name>
         <load_address>0x170</load_address>
         <run_address>0x170</run_address>
         <size>0x59b</size>
         <input_file_ref idref="fl-4"/>
      </object_component>
      <object_component id="oc-206">
         <name>.debug_line</name>
         <load_address>0x70b</load_address>
         <run_address>0x70b</run_address>
         <size>0x87</size>
         <input_file_ref idref="fl-4"/>
      </object_component>
      <object_component id="oc-1f4">
         <name>.debug_line</name>
         <load_address>0x792</load_address>
         <run_address>0x792</run_address>
         <size>0x87</size>
         <input_file_ref idref="fl-4"/>
      </object_component>
      <object_component id="oc-a9">
         <name>.debug_line</name>
         <load_address>0x819</load_address>
         <run_address>0x819</run_address>
         <size>0x4d</size>
         <input_file_ref idref="fl-4"/>
      </object_component>
      <object_component id="oc-18d">
         <name>.debug_line</name>
         <load_address>0x866</load_address>
         <run_address>0x866</run_address>
         <size>0x1b0</size>
         <input_file_ref idref="fl-4"/>
      </object_component>
      <object_component id="oc-16c">
         <name>.debug_line</name>
         <load_address>0xa16</load_address>
         <run_address>0xa16</run_address>
         <size>0x94</size>
         <input_file_ref idref="fl-5"/>
      </object_component>
      <object_component id="oc-2c3">
         <name>.debug_line</name>
         <load_address>0xaaa</load_address>
         <run_address>0xaaa</run_address>
         <size>0x5d</size>
         <input_file_ref idref="fl-5"/>
      </object_component>
      <object_component id="oc-1df">
         <name>.debug_line</name>
         <load_address>0xb07</load_address>
         <run_address>0xb07</run_address>
         <size>0x199</size>
         <input_file_ref idref="fl-14"/>
      </object_component>
      <object_component id="oc-2f8">
         <name>.debug_line</name>
         <load_address>0xca0</load_address>
         <run_address>0xca0</run_address>
         <size>0x4d</size>
[...]
         <name>EPWM8_ISR</name>
         <value>0x8319a</value>
         <object_component_ref idref="oc-cd"/>
      </symbol>
      <symbol id="sm-48b">
         <name>EMU_ISR</name>
         <value>0x83028</value>
         <object_component_ref idref="oc-cd"/>
      </symbol>
      <symbol id="sm-48c">
         <name>USER11_ISR</name>
         <value>0x830aa</value>
         <object_component_ref idref="oc-cd"/>
      </symbol>
      <symbol id="sm-48d">
         <name>USER4_ISR</name>
         <value>0x83064</value>
         <object_component_ref idref="oc-cd"/>
      </symbol>
      <symbol id="sm-48e">
         <name>SCIA_RX_ISR</name>
         <value>0x8328a</value>
         <object_component_ref idref="oc-cd"/>
      </symbol>
      <symbol id="sm-48f">
         <name>SCIA_TX_ISR</name>
         <value>0x83294</value>
         <object_component_ref idref="oc-cd"/>
      </symbol>
      <symbol id="sm-490">
         <name>SD1DR1_ISR</name>
         <value>0x833b6</value>
         <object_component_ref idref="oc-cd"/>
      </symbol>
      <symbol id="sm-491">
         <name>ECAP1_ISR</name>
         <value>0x831a4</value>
         <object_component_ref idref="oc-cd"/>
      </symbol>
      <symbol id="sm-492">
         <name>ADCA4_ISR</name>
         <value>0x832f8</value>
         <object_component_ref idref="oc-cd"/>
      </symbol>
      <symbol id="sm-493">
         <name>FPU_OVERFLOW_ISR</name>
         <value>0x83398</value>
         <object_component_ref idref="oc-cd"/>
      </symbol>
      <symbol id="sm-494">
         <name>ADCC4_ISR</name>
         <value>0x8344c</value>
         <object_component_ref idref="oc-cd"/>
      </symbol>
      <symbol id="sm-495">
         <name>ADCB4_ISR</name>
         <value>0x83320</value>
         <object_component_ref idref="oc-cd"/>
      </symbol>
      <symbol id="sm-496">
         <name>FSITXA2_ISR</name>
         <value>0x833e8</value>
         <object_component_ref idref="oc-cd"/>
      </symbol>
      <symbol id="sm-497">
         <name>EPWM7_ISR</name>
         <value>0x83190</value>
         <object_component_ref idref="oc-cd"/>
      </symbol>
      <symbol id="sm-498">
         <name>SD1_ISR</name>
         <value>0x833ac</value>
         <object_component_ref idref="oc-cd"/>
      </symbol>
      <symbol id="sm-499">
         <name>USER10_ISR</name>
         <value>0x830a0</value>
         <object_component_ref idref="oc-cd"/>
      </symbol>
      <symbol id="sm-49a">
         <name>XINT1_ISR</name>
         <value>0x830dc</value>
         <object_component_ref idref="oc-cd"/>
      </symbol>
      <symbol id="sm-49b">
         <name>USER7_ISR</name>
         <value>0x83082</value>
         <object_component_ref idref="oc-cd"/>
      </symbol>
      <symbol id="sm-49c">
         <name>CLA1_1_ISR</name>
         <value>0x8332a</value>
         <object_component_ref idref="oc-cd"/>
      </symbol>
      <symbol id="sm-49d">
         <name>USER9_ISR</name>
         <value>0x83096</value>
         <object_component_ref idref="oc-cd"/>
      </symbol>
      <symbol id="sm-49e">
         <name>SD1DR2_ISR</name>
         <value>0x833c0</value>
         <object_component_ref idref="oc-cd"/>
      </symbol>
      <symbol id="sm-49f">
         <name>ECAP2_ISR</name>
         <value>0x831ae</value>
         <object_component_ref idref="oc-cd"/>
      </symbol>
      <symbol id="sm-4a0">
         <name>EPWM5_TZ_ISR</name>
         <value>0x8312c</value>
         <object_component_ref idref="oc-cd"/>
      </symbol>
      <symbol id="sm-4a1">
         <name>CLA1PROMCRC_ISR</name>
         <value>0x83406</value>
         <object_component_ref idref="oc-cd"/>
      </symbol>
      <symbol id="sm-4a2">
         <name>DMA_CH1_ISR</name>
         <value>0x8323a</value>
         <object_component_ref idref="oc-cd"/>
      </symbol>
      <symbol id="sm-4a3">
         <name>CLA1_8_ISR</name>
         <value>0x83370</value>
         <object_component_ref idref="oc-cd"/>
      </symbol>
      <symbol id="sm-4a4">
         <name>USER6_ISR</name>
         <value>0x83078</value>
         <object_component_ref idref="oc-cd"/>
      </symbol>
      <symbol id="sm-4a5">
         <name>CLA1_2_ISR</name>
         <value>0x83334</value>
         <object_component_ref idref="oc-cd"/>
      </symbol>
      <symbol id="sm-4a6">
         <name>USER8_ISR</name>
         <value>0x8308c</value>
         <object_component_ref idref="oc-cd"/>
      </symbol>
      <symbol id="sm-4a7">
         <name>SD1DR3_ISR</name>
         <value>0x833ca</value>
         <object_component_ref idref="oc-cd"/>
      </symbol>
      <symbol id="sm-4a8">
         <name>SPIB_RX_ISR</name>
         <value>0x83226</value>
         <object_component_ref idref="oc-cd"/>
      </symbol>
      <symbol id="sm-4a9">
         <name>SPIB_TX_ISR</name>
         <value>0x83230</value>
         <object_component_ref idref="oc-cd"/>
      </symbol>
      <symbol id="sm-4aa">
         <name>ECAP3_ISR</name>
         <value>0x831b8</value>
         <object_component_ref idref="oc-cd"/>
      </symbol>
      <symbol id="sm-4ab">
         <name>EPWM1_ISR</name>
         <value>0x83154</value>
         <object_component_ref idref="oc-cd"/>
      </symbol>
      <symbol id="sm-4ac">
         <name>DMA_CH2_ISR</name>
         <value>0x83244</value>
         <object_component_ref idref="oc-cd"/>
      </symbol>
      <symbol id="sm-4ad">
         <name>USER12_ISR</name>
         <value>0x830b4</value>
         <object_component_ref idref="oc-cd"/>
      </symbol>
      <symbol id="sm-4ae">
         <name>XINT3_ISR</name>
         <value>0x8337a</value>
         <object_component_ref idref="oc-cd"/>
      </symbol>
      <symbol id="sm-4af">
         <name>USER1_ISR</name>
         <value>0x83046</value>
         <object_component_ref idref="oc-cd"/>
      </symbol>
      <symbol id="sm-4b0">
         <name>CLA1_3_ISR</name>
         <value>0x8333e</value>
         <object_component_ref idref="oc-cd"/>
      </symbol>
      <symbol id="sm-4b1">
         <name>I2CA_ISR</name>
         <value>0x83276</value>
         <object_component_ref idref="oc-cd"/>
      </symbol>
      <symbol id="sm-4b2">
         <name>CANA0_ISR</name>
         <value>0x832b2</value>
         <object_component_ref idref="oc-cd"/>
      </symbol>
      <symbol id="sm-4b3">
         <name>CANB0_ISR</name>
         <value>0x832c6</value>
         <object_component_ref idref="oc-cd"/>
      </symbol>
      <symbol id="sm-4b4">
         <name>ECAP7_2_ISR</name>
         <value>0x831f4</value>
         <object_component_ref idref="oc-cd"/>
      </symbol>
      <symbol id="sm-4b5">
         <name>FSIRXA1_ISR</name>
         <value>0x833f2</value>
         <object_component_ref idref="oc-cd"/>
      </symbol>
      <symbol id="sm-4b6">
         <name>EPWM1_TZ_ISR</name>
         <value>0x83104</value>
         <object_component_ref idref="oc-cd"/>
      </symbol>
      <symbol id="sm-4b7">
         <name>I2CA_FIFO_ISR</name>
         <value>0x83280</value>
         <object_component_ref idref="oc-cd"/>
      </symbol>
      <symbol id="sm-4b8">
         <name>EPWM2_ISR</name>
         <value>0x8315e</value>
         <object_component_ref idref="oc-cd"/>
      </symbol>
      <symbol id="sm-4b9">
         <name>RAM_CORRECTABLE_ERROR_ISR</name>
         <value>0x83456</value>
         <object_component_ref idref="oc-cd"/>
      </symbol>
      <symbol id="sm-4ba">
         <name>DMA_CH3_ISR</name>
         <value>0x8324e</value>
         <object_component_ref idref="oc-cd"/>
      </symbol>
      <symbol id="sm-4bb">
         <name>ADCC_EVT_ISR</name>
         <value>0x8342e</value>
         <object_component_ref idref="oc-cd"/>
      </symbol>
      <symbol id="sm-4bc">
         <name>DATALOG_ISR</name>
         <value>0x83014</value>
         <object_component_ref idref="oc-cd"/>
      </symbol>
      <symbol id="sm-4bd">
         <name>XINT2_ISR</name>
         <value>0x830e6</value>
         <object_component_ref idref="oc-cd"/>
      </symbol>
      <symbol id="sm-4be">
         <name>PIE_RESERVED_ISR</name>
         <value>0x83492</value>
         <object_component_ref idref="oc-cd"/>
      </symbol>
      <symbol id="sm-4bf">
         <name>SCIB_RX_ISR</name>
         <value>0x8329e</value>
         <object_component_ref idref="oc-cd"/>
      </symbol>
      <symbol id="sm-4c0">
         <name>SCIB_TX_ISR</name>
         <value>0x832a8</value>
         <object_component_ref idref="oc-cd"/>
      </symbol>
      <symbol id="sm-4c1">
         <name>CANA1_ISR</name>
         <value>0x832bc</value>
         <object_component_ref idref="oc-cd"/>
      </symbol>
      <symbol id="sm-4c2">
         <name>CANB1_ISR</name>
         <value>0x832d0</value>
         <object_component_ref idref="oc-cd"/>
      </symbol>
      <symbol id="sm-4c3">
         <name>FSIRXA2_ISR</name>
         <value>0x833fc</value>
         <object_component_ref idref="oc-cd"/>
      </symbol>
      <symbol id="sm-4c4">
         <name>ILLEGAL_ISR</name>
         <value>0x8303c</value>
         <object_component_ref idref="oc-cd"/>
      </symbol>
      <symbol id="sm-4c5">
         <name>EPWM3_ISR</name>
         <value>0x83168</value>
         <object_component_ref idref="oc-cd"/>
      </symbol>
      <symbol id="sm-4c6">
         <name>TIMER0_ISR</name>
         <value>0x830f0</value>
         <object_component_ref idref="oc-cd"/>
      </symbol>
      <symbol id="sm-4c7">
         <name>USER3_ISR</name>
         <value>0x8305a</value>
         <object_component_ref idref="oc-cd"/>
      </symbol>
      <symbol id="sm-4c8">
         <name>SD1DR4_ISR</name>
         <value>0x833d4</value>
         <object_component_ref idref="oc-cd"/>
      </symbol>
      <symbol id="sm-4e3">
         <name>CpuTimer2Regs</name>
         <value>0xc10</value>
         <object_component_ref idref="oc-192"/>
      </symbol>
      <symbol id="sm-4e4">
         <name>PieVectTable</name>
         <value>0xd00</value>
         <object_component_ref idref="oc-110"/>
      </symbol>
      <symbol id="sm-4e5">
         <name>CpuTimer0Regs</name>
         <value>0xc00</value>
         <object_component_ref idref="oc-18f"/>
      </symbol>
      <symbol id="sm-4e6">
         <name>CpuTimer1Regs</name>
         <value>0xc08</value>
         <object_component_ref idref="oc-113"/>
      </symbol>
      <symbol id="sm-4f3">
         <name>PieVectTableInit</name>
         <value>0x84840</value>
         <object_component_ref idref="oc-d3"/>
      </symbol>
      <symbol id="sm-503">
         <name>__TI_zero_init</name>
         <value>0x872cd</value>
         <object_component_ref idref="oc-e7"/>
      </symbol>
      <symbol id="sm-510">
         <name>__TI_decompress_none</name>
         <value>0x82ff8</value>
         <object_component_ref idref="oc-93"/>
      </symbol>
      <symbol id="sm-524">
         <name>__TI_decompress_lzss</name>
         <value>0x870c0</value>
         <object_component_ref idref="oc-8d"/>
      </symbol>
      <symbol id="sm-533">
         <name>memset</name>
         <value>0x872c6</value>
         <object_component_ref idref="oc-13c"/>
      </symbol>
      <symbol id="sm-545">
         <name>memcpy</name>
         <value>0x871ef</value>
         <object_component_ref idref="oc-d9"/>
      </symbol>
      <symbol id="sm-55c">
         <name>sqrtl</name>
         <value>0x86ae1</value>
         <object_component_ref idref="oc-179"/>
      </symbol>
      <symbol id="sm-55d">
         <name>sqrt</name>
         <value>0x86ae1</value>
         <object_component_ref idref="oc-179"/>
      </symbol>
      <symbol id="sm-577">
         <name>cosl</name>
         <value>0x86bbf</value>
         <object_component_ref idref="oc-20c"/>
      </symbol>
      <symbol id="sm-578">
         <name>cos</name>
         <value>0x86bbf</value>
         <object_component_ref idref="oc-20c"/>
      </symbol>
      <symbol id="sm-592">
         <name>sin</name>
         <value>0x86c8d</value>
         <object_component_ref idref="oc-1fc"/>
      </symbol>
      <symbol id="sm-593">
         <name>sinl</name>
         <value>0x86c8d</value>
         <object_component_ref idref="oc-1fc"/>
      </symbol>
      <symbol id="sm-59d">
         <name>_c_int00</name>
         <value>0x8725c</value>
         <object_component_ref idref="oc-143"/>
      </symbol>
      <symbol id="sm-59e">
         <name>__stack</name>
         <value>0x400</value>
         <object_component_ref idref="oc-d6"/>
      </symbol>
      <symbol id="sm-5b5">
         <name>__c28xabi_addd</name>
         <value>0x86d58</value>
         <object_component_ref idref="oc-212"/>
      </symbol>
      <symbol id="sm-5c1">
         <name>__c28xabi_cmpd</name>
         <value>0x86fd6</value>
         <object_component_ref idref="oc-221"/>
      </symbol>
      <symbol id="sm-5cf">
         <name>__c28xabi_mpyd</name>
         <value>0x86f0c</value>
         <object_component_ref idref="oc-226"/>
      </symbol>
      <symbol id="sm-5d8">
         <name>__c28xabi_negd</name>
         <value>0x872b5</value>
         <object_component_ref idref="oc-2b2"/>
      </symbol>
      <symbol id="sm-5e0">
         <name>__c28xabi_subd</name>
         <value>0x87273</value>
         <object_component_ref idref="oc-22b"/>
      </symbol>
      <symbol id="sm-5eb">
         <name>__c28xabi_dtoi</name>
         <value>0x871af</value>
         <object_component_ref idref="oc-29a"/>
      </symbol>
      <symbol id="sm-5f6">
         <name>__c28xabi_modi</name>
         <value>0x8719e</value>
         <object_component_ref idref="oc-14e"/>
      </symbol>
      <symbol id="sm-5f7">
         <name>__c28xabi_divi</name>
         <value>0x8718d</value>
         <object_component_ref idref="oc-14e"/>
      </symbol>
      <symbol id="sm-5ff">
         <name>__c28xabi_modu</name>
         <value>0x8729d</value>
         <object_component_ref idref="oc-1a6"/>
      </symbol>
      <symbol id="sm-600">
         <name>__c28xabi_divu</name>
         <value>0x87298</value>
         <object_component_ref idref="oc-1a6"/>
      </symbol>
      <symbol id="sm-60c">
         <name>__c28xabi_ftod</name>
         <value>0x8720c</value>
         <object_component_ref idref="oc-1f7"/>
      </symbol>
      <symbol id="sm-618">
         <name>__c28xabi_dtof</name>
         <value>0x8716a</value>
         <object_component_ref idref="oc-17f"/>
      </symbol>
      <symbol id="sm-62b">
         <name>__c28xabi_divd</name>
         <value>0x86e81</value>
         <object_component_ref idref="oc-171"/>
      </symbol>
      <symbol id="sm-638">
         <name>_system_pre_init</name>
         <value>0x872d3</value>
         <object_component_ref idref="oc-1c5"/>
      </symbol>
      <symbol id="sm-647">
         <name>__TI_auto_init_nobinit_nopinit</name>
         <value>0x870f1</value>
         <object_component_ref idref="oc-258"/>
      </symbol>
      <symbol id="sm-682">
         <name>__rem_pio2</name>
         <value>0x82bc8</value>
         <object_component_ref idref="oc-2a6"/>
      </symbol>
      <symbol id="sm-6f4">
         <name>__kernel_rem_pio2</name>
         <value>0x82000</value>
         <object_component_ref idref="oc-315"/>
      </symbol>
      <symbol id="sm-70a">
         <name>C$$EXIT</name>
         <value>0x8711c</value>
         <object_component_ref idref="oc-1d2"/>
      </symbol>
      <symbol id="sm-70b">
         <name>abort</name>
         <value>0x8711c</value>
         <object_component_ref idref="oc-1d2"/>
      </symbol>
      <symbol id="sm-70c">
         <name>exit</name>
         <value>0x8711e</value>
         <object_component_ref idref="oc-1d2"/>
      </symbol>
      <symbol id="sm-70d">
         <name>__TI_dtors_ptr</name>
         <value>0xaac4</value>
         <object_component_ref idref="oc-28a"/>
      </symbol>
      <symbol id="sm-70e">
         <name>__TI_cleanup_ptr</name>
         <value>0xaac2</value>
         <object_component_ref idref="oc-28a"/>
      </symbol>
      <symbol id="sm-70f">
         <name>__TI_enable_exit_profile_output</name>
         <value>0xaac0</value>
         <object_component_ref idref="oc-28a"/>
      </symbol>
      <symbol id="sm-726">
         <name>_nop</name>
         <value>0x872b4</value>
         <object_component_ref idref="oc-2eb"/>
      </symbol>
      <symbol id="sm-727">
         <name>_lock</name>
         <value>0xaac6</value>
         <object_component_ref idref="oc-28d"/>
      </symbol>
      <symbol id="sm-728">
         <name>_unlock</name>
         <value>0xaac8</value>
         <object_component_ref idref="oc-333"/>
      </symbol>
      <symbol id="sm-729">
         <name>_register_lock</name>
         <value>0x872b0</value>
         <object_component_ref idref="oc-2eb"/>
      </symbol>
      <symbol id="sm-72a">
         <name>_register_unlock</name>
         <value>0x872ac</value>
         <object_component_ref idref="oc-2eb"/>
      </symbol>
      <symbol id="sm-739">
         <name>_args_main</name>
         <value>0x87281</value>
         <object_component_ref idref="oc-1cc"/>
      </symbol>
      <symbol id="sm-744">
         <name>errno</name>
         <value>0xaacb</value>
         <object_component_ref idref="oc-230"/>
      </symbol>
      <symbol id="sm-766">
         <name>__kernel_cos</name>
         <value>0x8680a</value>
         <object_component_ref idref="oc-2ac"/>
      </symbol>
      <symbol id="sm-789">
         <name>__kernel_sin</name>
         <value>0x866e6</value>
         <object_component_ref idref="oc-2a0"/>
      </symbol>
      <symbol id="sm-7ac">
         <name>floorl</name>
         <value>0x86915</value>
         <object_component_ref idref="oc-353"/>
      </symbol>
      <symbol id="sm-7ad">
         <name>floor</name>
         <value>0x86915</value>
         <object_component_ref idref="oc-353"/>
      </symbol>
      <symbol id="sm-7cf">
         <name>scalbn</name>
         <value>0x83f36</value>
         <object_component_ref idref="oc-34d"/>
      </symbol>
      <symbol id="sm-7d0">
         <name>scalbnl</name>
         <value>0x83f36</value>
         <object_component_ref idref="oc-34d"/>
      </symbol>
      <symbol id="sm-7d1">
         <name>ldexpl</name>
         <value>0x83f36</value>
         <object_component_ref idref="oc-34d"/>
      </symbol>
      <symbol id="sm-7d2">
         <name>ldexp</name>
         <value>0x83f36</value>
         <object_component_ref idref="oc-34d"/>
      </symbol>
      <symbol id="sm-7dd">
         <name>__c28xabi_dtol</name>
         <value>0x871d0</value>
         <object_component_ref idref="oc-308"/>
      </symbol>
      <symbol id="sm-7e5">
         <name>__c28xabi_orll</name>
         <value>0x8724c</value>
         <object_component_ref idref="oc-303"/>
      </symbol>
      <symbol id="sm-7e6">
         <name>__c28xabi_xorll</name>
         <value>0x87254</value>
         <object_component_ref idref="oc-303"/>
      </symbol>
      <symbol id="sm-7e7">
         <name>__c28xabi_andll</name>
         <value>0x87244</value>
         <object_component_ref idref="oc-303"/>
      </symbol>
      <symbol id="sm-7f3">
         <name>__c28xabi_ltod</name>
         <value>0x87228</value>
         <object_component_ref idref="oc-30d"/>
      </symbol>
      <symbol id="sm-801">
         <name>_system_post_cinit</name>
         <value>0x872d5</value>
         <object_component_ref idref="oc-2d1"/>
      </symbol>
      <symbol id="sm-80f">
         <name>copysign</name>
         <value>0x87145</value>
         <object_component_ref idref="oc-377"/>
      </symbol>
      <symbol id="sm-810">
         <name>copysignl</name>
         <value>0x87145</value>
         <object_component_ref idref="oc-377"/>
      </symbol>
      <symbol id="sm-812">
         <name>__c_args__</name>
         <value>0x0</value>
      </symbol>
   </symbol_table>
   <title>Link successful</title>
</link_info>
